// Jest Snapshot v1, https://goo.gl/fbAQLP

exports[`OIbDate check date with value="2021-11-20" 1`] = `
<div>
  <div
    class="mb-3"
  >
    <div
      class="align-items-sm-baseline row"
    >
      <div
        class="col-sm-auto col"
      >
        <label
          class="form-label"
          for="endDate"
        >
          To date
        </label>
      </div>
      <div
        class="col-sm-auto col"
      >
        <input
          class="oi-form-input form-control"
          id="endDate"
          placeholder="yyyy-mm-ddThh:mm:ss+hh:mm"
          required=""
          type="date"
          value="2021-11-20"
        />
      </div>
      <div
        class="col-sm-auto col"
      >
        <input
          class="oi-form-input form-control"
          id="endTime"
          placeholder="yyyy-mm-ddThh:mm:ss+hh:mm"
          required=""
          type="time"
          value="00:00"
        />
      </div>
      <div
        class="invalid-feedback"
      />
    </div>
    <div
      class="row"
    />
  </div>
</div>
`;
