// Jest Snapshot v1, https://goo.gl/fbAQLP

exports[`Northmenu check cancel delete first application 1`] = `
<div>
  <div
    class="dropdown"
  >
    <button
      aria-expanded="false"
      aria-haspopup="true"
      class="icon-dropdown btn btn-secondary btn-sm"
      type="button"
    >
      <svg
        class="icon-dropdown-ellipsis"
        fill="currentColor"
        height="1em"
        id="dropdown-toggle"
        stroke="currentColor"
        stroke-width="0"
        viewBox="0 0 192 512"
        width="1em"
        xmlns="http://www.w3.org/2000/svg"
      >
        <path
          d="M96 184c39.8 0 72 32.2 72 72s-32.2 72-72 72-72-32.2-72-72 32.2-72 72-72zM24 80c0 39.8 32.2 72 72 72s72-32.2 72-72S135.8 8 96 8 24 40.2 24 80zm0 352c0 39.8 32.2 72 72 72s72-32.2 72-72-32.2-72-72-72-72 32.2-72 72z"
        />
      </svg>
    </button>
    <div
      aria-hidden="true"
      class="dropdown-menu"
      role="menu"
      style="text-align: center;"
      tabindex="-1"
    >
      <button
        class="dropdown-item dropdown-item"
        role="menuitem"
        tabindex="0"
        type="button"
      >
        <div
          aria-hidden="true"
          id="oi-settings"
          role="button"
        >
          Settings
        </div>
      </button>
      <button
        class="dropdown-item dropdown-item"
        role="menuitem"
        tabindex="0"
        type="button"
      >
        <div
          aria-hidden="true"
          id="oi-duplicate"
          role="button"
        >
          Duplicate
        </div>
      </button>
      <button
        class="dropdown-item dropdown-item"
        role="menuitem"
        tabindex="0"
        type="button"
      >
        <div
          id="oi-delete"
        >
          Delete
        </div>
      </button>
    </div>
  </div>
</div>
`;

exports[`Northmenu check delete first application 1`] = `
<div>
  <div
    class="dropdown"
  >
    <button
      aria-expanded="false"
      aria-haspopup="true"
      class="icon-dropdown btn btn-secondary btn-sm"
      type="button"
    >
      <svg
        class="icon-dropdown-ellipsis"
        fill="currentColor"
        height="1em"
        id="dropdown-toggle"
        stroke="currentColor"
        stroke-width="0"
        viewBox="0 0 192 512"
        width="1em"
        xmlns="http://www.w3.org/2000/svg"
      >
        <path
          d="M96 184c39.8 0 72 32.2 72 72s-32.2 72-72 72-72-32.2-72-72 32.2-72 72-72zM24 80c0 39.8 32.2 72 72 72s72-32.2 72-72S135.8 8 96 8 24 40.2 24 80zm0 352c0 39.8 32.2 72 72 72s72-32.2 72-72-32.2-72-72-72-72 32.2-72 72z"
        />
      </svg>
    </button>
    <div
      aria-hidden="true"
      class="dropdown-menu"
      role="menu"
      style="text-align: center;"
      tabindex="-1"
    >
      <button
        class="dropdown-item dropdown-item"
        role="menuitem"
        tabindex="0"
        type="button"
      >
        <div
          aria-hidden="true"
          id="oi-settings"
          role="button"
        >
          Settings
        </div>
      </button>
      <button
        class="dropdown-item dropdown-item"
        role="menuitem"
        tabindex="0"
        type="button"
      >
        <div
          aria-hidden="true"
          id="oi-duplicate"
          role="button"
        >
          Duplicate
        </div>
      </button>
      <button
        class="dropdown-item dropdown-item"
        role="menuitem"
        tabindex="0"
        type="button"
      >
        <div
          id="oi-delete"
        >
          Delete
        </div>
      </button>
    </div>
  </div>
</div>
`;

exports[`Northmenu check duplicate application 1`] = `
<div>
  <div
    class="dropdown"
  >
    <button
      aria-expanded="false"
      aria-haspopup="true"
      class="icon-dropdown btn btn-secondary btn-sm"
      type="button"
    >
      <svg
        class="icon-dropdown-ellipsis"
        fill="currentColor"
        height="1em"
        id="dropdown-toggle"
        stroke="currentColor"
        stroke-width="0"
        viewBox="0 0 192 512"
        width="1em"
        xmlns="http://www.w3.org/2000/svg"
      >
        <path
          d="M96 184c39.8 0 72 32.2 72 72s-32.2 72-72 72-72-32.2-72-72 32.2-72 72-72zM24 80c0 39.8 32.2 72 72 72s72-32.2 72-72S135.8 8 96 8 24 40.2 24 80zm0 352c0 39.8 32.2 72 72 72s72-32.2 72-72-32.2-72-72-72-72 32.2-72 72z"
        />
      </svg>
    </button>
    <div
      aria-hidden="true"
      class="dropdown-menu"
      role="menu"
      style="text-align: center;"
      tabindex="-1"
    >
      <button
        class="dropdown-item dropdown-item"
        role="menuitem"
        tabindex="0"
        type="button"
      >
        <div
          aria-hidden="true"
          id="oi-settings"
          role="button"
        >
          Settings
        </div>
      </button>
      <button
        class="dropdown-item dropdown-item"
        role="menuitem"
        tabindex="0"
        type="button"
      >
        <div
          aria-hidden="true"
          id="oi-duplicate"
          role="button"
        >
          Duplicate
        </div>
      </button>
      <button
        class="dropdown-item dropdown-item"
        role="menuitem"
        tabindex="0"
        type="button"
      >
        <div
          id="oi-delete"
        >
          Delete
        </div>
      </button>
    </div>
  </div>
</div>
`;

exports[`Northmenu check duplicate application already copied 1`] = `
<div>
  <div
    class="dropdown"
  >
    <button
      aria-expanded="false"
      aria-haspopup="true"
      class="icon-dropdown btn btn-secondary btn-sm"
      type="button"
    >
      <svg
        class="icon-dropdown-ellipsis"
        fill="currentColor"
        height="1em"
        id="dropdown-toggle"
        stroke="currentColor"
        stroke-width="0"
        viewBox="0 0 192 512"
        width="1em"
        xmlns="http://www.w3.org/2000/svg"
      >
        <path
          d="M96 184c39.8 0 72 32.2 72 72s-32.2 72-72 72-72-32.2-72-72 32.2-72 72-72zM24 80c0 39.8 32.2 72 72 72s72-32.2 72-72S135.8 8 96 8 24 40.2 24 80zm0 352c0 39.8 32.2 72 72 72s72-32.2 72-72-32.2-72-72-72-72 32.2-72 72z"
        />
      </svg>
    </button>
    <div
      aria-hidden="true"
      class="dropdown-menu"
      role="menu"
      style="text-align: center;"
      tabindex="-1"
    >
      <button
        class="dropdown-item dropdown-item"
        role="menuitem"
        tabindex="0"
        type="button"
      >
        <div
          aria-hidden="true"
          id="oi-settings"
          role="button"
        >
          Settings
        </div>
      </button>
      <button
        class="dropdown-item dropdown-item"
        role="menuitem"
        tabindex="0"
        type="button"
      >
        <div
          aria-hidden="true"
          id="oi-duplicate"
          role="button"
        >
          Duplicate
        </div>
      </button>
      <button
        class="dropdown-item dropdown-item"
        role="menuitem"
        tabindex="0"
        type="button"
      >
        <div
          id="oi-delete"
        >
          Delete
        </div>
      </button>
    </div>
  </div>
</div>
`;

exports[`Northmenu check edit first application 1`] = `
<div>
  <div
    class="dropdown"
  >
    <button
      aria-expanded="false"
      aria-haspopup="true"
      class="icon-dropdown btn btn-secondary btn-sm"
      type="button"
    >
      <svg
        class="icon-dropdown-ellipsis"
        fill="currentColor"
        height="1em"
        id="dropdown-toggle"
        stroke="currentColor"
        stroke-width="0"
        viewBox="0 0 192 512"
        width="1em"
        xmlns="http://www.w3.org/2000/svg"
      >
        <path
          d="M96 184c39.8 0 72 32.2 72 72s-32.2 72-72 72-72-32.2-72-72 32.2-72 72-72zM24 80c0 39.8 32.2 72 72 72s72-32.2 72-72S135.8 8 96 8 24 40.2 24 80zm0 352c0 39.8 32.2 72 72 72s72-32.2 72-72-32.2-72-72-72-72 32.2-72 72z"
        />
      </svg>
    </button>
    <div
      aria-hidden="true"
      class="dropdown-menu"
      role="menu"
      style="text-align: center;"
      tabindex="-1"
    >
      <button
        class="dropdown-item dropdown-item"
        role="menuitem"
        tabindex="0"
        type="button"
      >
        <div
          aria-hidden="true"
          id="oi-settings"
          role="button"
        >
          Settings
        </div>
      </button>
      <button
        class="dropdown-item dropdown-item"
        role="menuitem"
        tabindex="0"
        type="button"
      >
        <div
          aria-hidden="true"
          id="oi-duplicate"
          role="button"
        >
          Duplicate
        </div>
      </button>
      <button
        class="dropdown-item dropdown-item"
        role="menuitem"
        tabindex="0"
        type="button"
      >
        <div
          id="oi-delete"
        >
          Delete
        </div>
      </button>
    </div>
  </div>
</div>
`;

exports[`Northmenu display NorthMenu page based on config 1`] = `
<div>
  <div
    class="dropdown"
  >
    <button
      aria-expanded="false"
      aria-haspopup="true"
      class="icon-dropdown btn btn-secondary btn-sm"
      type="button"
    >
      <svg
        class="icon-dropdown-ellipsis"
        fill="currentColor"
        height="1em"
        id="dropdown-toggle"
        stroke="currentColor"
        stroke-width="0"
        viewBox="0 0 192 512"
        width="1em"
        xmlns="http://www.w3.org/2000/svg"
      >
        <path
          d="M96 184c39.8 0 72 32.2 72 72s-32.2 72-72 72-72-32.2-72-72 32.2-72 72-72zM24 80c0 39.8 32.2 72 72 72s72-32.2 72-72S135.8 8 96 8 24 40.2 24 80zm0 352c0 39.8 32.2 72 72 72s72-32.2 72-72-32.2-72-72-72-72 32.2-72 72z"
        />
      </svg>
    </button>
    <div
      aria-hidden="true"
      class="dropdown-menu"
      role="menu"
      style="text-align: center;"
      tabindex="-1"
    >
      <button
        class="dropdown-item dropdown-item"
        role="menuitem"
        tabindex="0"
        type="button"
      >
        <div
          aria-hidden="true"
          id="oi-settings"
          role="button"
        >
          Settings
        </div>
      </button>
      <button
        class="dropdown-item dropdown-item"
        role="menuitem"
        tabindex="0"
        type="button"
      >
        <div
          aria-hidden="true"
          id="oi-duplicate"
          role="button"
        >
          Duplicate
        </div>
      </button>
      <button
        class="dropdown-item dropdown-item"
        role="menuitem"
        tabindex="0"
        type="button"
      >
        <div
          id="oi-delete"
        >
          Delete
        </div>
      </button>
    </div>
  </div>
</div>
`;

exports[`Northmenu display NorthMenu properly when empty newConfig 1`] = `
<div>
  <div
    class="dropdown"
  >
    <button
      aria-expanded="false"
      aria-haspopup="true"
      class="icon-dropdown btn btn-secondary btn-sm"
      type="button"
    >
      <svg
        class="icon-dropdown-ellipsis"
        fill="currentColor"
        height="1em"
        id="dropdown-toggle"
        stroke="currentColor"
        stroke-width="0"
        viewBox="0 0 192 512"
        width="1em"
        xmlns="http://www.w3.org/2000/svg"
      >
        <path
          d="M96 184c39.8 0 72 32.2 72 72s-32.2 72-72 72-72-32.2-72-72 32.2-72 72-72zM24 80c0 39.8 32.2 72 72 72s72-32.2 72-72S135.8 8 96 8 24 40.2 24 80zm0 352c0 39.8 32.2 72 72 72s72-32.2 72-72-32.2-72-72-72-72 32.2-72 72z"
        />
      </svg>
    </button>
    <div
      aria-hidden="true"
      class="dropdown-menu"
      role="menu"
      style="text-align: center;"
      tabindex="-1"
    >
      <button
        class="dropdown-item dropdown-item"
        role="menuitem"
        tabindex="0"
        type="button"
      >
        <div
          aria-hidden="true"
          id="oi-settings"
          role="button"
        >
          Settings
        </div>
      </button>
      <button
        class="dropdown-item dropdown-item"
        role="menuitem"
        tabindex="0"
        type="button"
      >
        <div
          aria-hidden="true"
          id="oi-duplicate"
          role="button"
        >
          Duplicate
        </div>
      </button>
      <button
        class="dropdown-item dropdown-item"
        role="menuitem"
        tabindex="0"
        type="button"
      >
        <div
          id="oi-delete"
        >
          Delete
        </div>
      </button>
    </div>
  </div>
</div>
`;

exports[`Northmenu display NorthMenu properly when empty newConfig 2`] = `
<div>
  <div
    class="dropdown"
  >
    <button
      aria-expanded="false"
      aria-haspopup="true"
      class="icon-dropdown btn btn-secondary btn-sm"
      type="button"
    >
      <svg
        class="icon-dropdown-ellipsis"
        fill="currentColor"
        height="1em"
        id="dropdown-toggle"
        stroke="currentColor"
        stroke-width="0"
        viewBox="0 0 192 512"
        width="1em"
        xmlns="http://www.w3.org/2000/svg"
      >
        <path
          d="M96 184c39.8 0 72 32.2 72 72s-32.2 72-72 72-72-32.2-72-72 32.2-72 72-72zM24 80c0 39.8 32.2 72 72 72s72-32.2 72-72S135.8 8 96 8 24 40.2 24 80zm0 352c0 39.8 32.2 72 72 72s72-32.2 72-72-32.2-72-72-72-72 32.2-72 72z"
        />
      </svg>
    </button>
    <div
      aria-hidden="true"
      class="dropdown-menu"
      role="menu"
      style="text-align: center;"
      tabindex="-1"
    >
      <button
        class="dropdown-item dropdown-item"
        role="menuitem"
        tabindex="0"
        type="button"
      >
        <div
          aria-hidden="true"
          id="oi-settings"
          role="button"
        >
          Settings
        </div>
      </button>
      <button
        class="dropdown-item dropdown-item"
        role="menuitem"
        tabindex="0"
        type="button"
      >
        <div
          aria-hidden="true"
          id="oi-duplicate"
          role="button"
        >
          Duplicate
        </div>
      </button>
      <button
        class="dropdown-item dropdown-item"
        role="menuitem"
        tabindex="0"
        type="button"
      >
        <div
          id="oi-delete"
        >
          Delete
        </div>
      </button>
    </div>
  </div>
</div>
`;

exports[`Northmenu display NorthMenu properly when empty newConfig 3`] = `
<div>
  <div
    class="dropdown"
  >
    <button
      aria-expanded="false"
      aria-haspopup="true"
      class="icon-dropdown btn btn-secondary btn-sm"
      type="button"
    >
      <svg
        class="icon-dropdown-ellipsis"
        fill="currentColor"
        height="1em"
        id="dropdown-toggle"
        stroke="currentColor"
        stroke-width="0"
        viewBox="0 0 192 512"
        width="1em"
        xmlns="http://www.w3.org/2000/svg"
      >
        <path
          d="M96 184c39.8 0 72 32.2 72 72s-32.2 72-72 72-72-32.2-72-72 32.2-72 72-72zM24 80c0 39.8 32.2 72 72 72s72-32.2 72-72S135.8 8 96 8 24 40.2 24 80zm0 352c0 39.8 32.2 72 72 72s72-32.2 72-72-32.2-72-72-72-72 32.2-72 72z"
        />
      </svg>
    </button>
    <div
      aria-hidden="true"
      class="dropdown-menu"
      role="menu"
      style="text-align: center;"
      tabindex="-1"
    >
      <button
        class="dropdown-item dropdown-item"
        role="menuitem"
        tabindex="0"
        type="button"
      >
        <div
          aria-hidden="true"
          id="oi-settings"
          role="button"
        >
          Settings
        </div>
      </button>
      <button
        class="dropdown-item dropdown-item"
        role="menuitem"
        tabindex="0"
        type="button"
      >
        <div
          aria-hidden="true"
          id="oi-duplicate"
          role="button"
        >
          Duplicate
        </div>
      </button>
      <button
        class="dropdown-item dropdown-item"
        role="menuitem"
        tabindex="0"
        type="button"
      >
        <div
          id="oi-delete"
        >
          Delete
        </div>
      </button>
    </div>
  </div>
</div>
`;

exports[`Northmenu display NorthMenu properly when empty newConfig 4`] = `
<div>
  <div
    class="dropdown"
  >
    <button
      aria-expanded="false"
      aria-haspopup="true"
      class="icon-dropdown btn btn-secondary btn-sm"
      type="button"
    >
      <svg
        class="icon-dropdown-ellipsis"
        fill="currentColor"
        height="1em"
        id="dropdown-toggle"
        stroke="currentColor"
        stroke-width="0"
        viewBox="0 0 192 512"
        width="1em"
        xmlns="http://www.w3.org/2000/svg"
      >
        <path
          d="M96 184c39.8 0 72 32.2 72 72s-32.2 72-72 72-72-32.2-72-72 32.2-72 72-72zM24 80c0 39.8 32.2 72 72 72s72-32.2 72-72S135.8 8 96 8 24 40.2 24 80zm0 352c0 39.8 32.2 72 72 72s72-32.2 72-72-32.2-72-72-72-72 32.2-72 72z"
        />
      </svg>
    </button>
    <div
      aria-hidden="true"
      class="dropdown-menu"
      role="menu"
      style="text-align: center;"
      tabindex="-1"
    >
      <button
        class="dropdown-item dropdown-item"
        role="menuitem"
        tabindex="0"
        type="button"
      >
        <div
          aria-hidden="true"
          id="oi-settings"
          role="button"
        >
          Settings
        </div>
      </button>
      <button
        class="dropdown-item dropdown-item"
        role="menuitem"
        tabindex="0"
        type="button"
      >
        <div
          aria-hidden="true"
          id="oi-duplicate"
          role="button"
        >
          Duplicate
        </div>
      </button>
      <button
        class="dropdown-item dropdown-item"
        role="menuitem"
        tabindex="0"
        type="button"
      >
        <div
          id="oi-delete"
        >
          Delete
        </div>
      </button>
    </div>
  </div>
</div>
`;
