// Jest Snapshot v1, https://goo.gl/fbAQLP

exports[`NewSouth check add connector without "name" & with protocol 1`] = `
<div>
  <div
    class="dropdown dropstart"
  >
    <button
      aria-expanded="false"
      aria-haspopup="true"
      class="p-0 m-0 btn btn-secondary oi-dropdown-toggle btn btn-secondary btn-sm"
      id="dropdown-toggle"
      type="button"
    >
      <svg
        fill="currentColor"
        height="1em"
        stroke="currentColor"
        stroke-width="0"
        viewBox="0 0 192 512"
        width="1em"
        xmlns="http://www.w3.org/2000/svg"
      >
        <path
          d="M96 184c39.8 0 72 32.2 72 72s-32.2 72-72 72-72-32.2-72-72 32.2-72 72-72zM24 80c0 39.8 32.2 72 72 72s72-32.2 72-72S135.8 8 96 8 24 40.2 24 80zm0 352c0 39.8 32.2 72 72 72s72-32.2 72-72-32.2-72-72-72-72 32.2-72 72z"
        />
      </svg>
    </button>
    <div
      aria-hidden="true"
      class="dropdown-menu"
      role="menu"
      tabindex="-1"
    >
      <button
        class="dropdown-item"
        id="add-north"
        role="menuitem"
        tabindex="0"
        type="button"
      >
        Add North
      </button>
      <button
        class="dropdown-item"
        id="add-south"
        role="menuitem"
        tabindex="0"
        type="button"
      >
        Add South
      </button>
      <button
        class="dropdown-item"
        id="history"
        role="menuitem"
        tabindex="0"
        type="button"
      >
        History
      </button>
      <button
        class="dropdown-item"
        id="oi-settings"
        role="menuitem"
        tabindex="0"
        type="button"
      >
        Settings
      </button>
      <button
        class="dropdown-item"
        id="restart"
        role="menuitem"
        tabindex="0"
        type="button"
      >
        Restart
      </button>
      <button
        class="dropdown-item"
        id="shutdown"
        role="menuitem"
        tabindex="0"
        type="button"
      >
        Shutdown
      </button>
    </div>
  </div>
</div>
`;

exports[`NewSouth check add connector without "protocol" & with new name 1`] = `
<div>
  <div
    class="dropdown dropstart"
  >
    <button
      aria-expanded="false"
      aria-haspopup="true"
      class="p-0 m-0 btn btn-secondary oi-dropdown-toggle btn btn-secondary btn-sm"
      id="dropdown-toggle"
      type="button"
    >
      <svg
        fill="currentColor"
        height="1em"
        stroke="currentColor"
        stroke-width="0"
        viewBox="0 0 192 512"
        width="1em"
        xmlns="http://www.w3.org/2000/svg"
      >
        <path
          d="M96 184c39.8 0 72 32.2 72 72s-32.2 72-72 72-72-32.2-72-72 32.2-72 72-72zM24 80c0 39.8 32.2 72 72 72s72-32.2 72-72S135.8 8 96 8 24 40.2 24 80zm0 352c0 39.8 32.2 72 72 72s72-32.2 72-72-32.2-72-72-72-72 32.2-72 72z"
        />
      </svg>
    </button>
    <div
      aria-hidden="true"
      class="dropdown-menu"
      role="menu"
      tabindex="-1"
    >
      <button
        class="dropdown-item"
        id="add-north"
        role="menuitem"
        tabindex="0"
        type="button"
      >
        Add North
      </button>
      <button
        class="dropdown-item"
        id="add-south"
        role="menuitem"
        tabindex="0"
        type="button"
      >
        Add South
      </button>
      <button
        class="dropdown-item"
        id="history"
        role="menuitem"
        tabindex="0"
        type="button"
      >
        History
      </button>
      <button
        class="dropdown-item"
        id="oi-settings"
        role="menuitem"
        tabindex="0"
        type="button"
      >
        Settings
      </button>
      <button
        class="dropdown-item"
        id="restart"
        role="menuitem"
        tabindex="0"
        type="button"
      >
        Restart
      </button>
      <button
        class="dropdown-item"
        id="shutdown"
        role="menuitem"
        tabindex="0"
        type="button"
      >
        Shutdown
      </button>
    </div>
  </div>
</div>
`;

exports[`NewSouth check add connector without "protocol" & without new name 1`] = `
<div>
  <div
    class="dropdown dropstart"
  >
    <button
      aria-expanded="false"
      aria-haspopup="true"
      class="p-0 m-0 btn btn-secondary oi-dropdown-toggle btn btn-secondary btn-sm"
      id="dropdown-toggle"
      type="button"
    >
      <svg
        fill="currentColor"
        height="1em"
        stroke="currentColor"
        stroke-width="0"
        viewBox="0 0 192 512"
        width="1em"
        xmlns="http://www.w3.org/2000/svg"
      >
        <path
          d="M96 184c39.8 0 72 32.2 72 72s-32.2 72-72 72-72-32.2-72-72 32.2-72 72-72zM24 80c0 39.8 32.2 72 72 72s72-32.2 72-72S135.8 8 96 8 24 40.2 24 80zm0 352c0 39.8 32.2 72 72 72s72-32.2 72-72-32.2-72-72-72-72 32.2-72 72z"
        />
      </svg>
    </button>
    <div
      aria-hidden="true"
      class="dropdown-menu"
      role="menu"
      tabindex="-1"
    >
      <button
        class="dropdown-item"
        id="add-north"
        role="menuitem"
        tabindex="0"
        type="button"
      >
        Add North
      </button>
      <button
        class="dropdown-item"
        id="add-south"
        role="menuitem"
        tabindex="0"
        type="button"
      >
        Add South
      </button>
      <button
        class="dropdown-item"
        id="history"
        role="menuitem"
        tabindex="0"
        type="button"
      >
        History
      </button>
      <button
        class="dropdown-item"
        id="oi-settings"
        role="menuitem"
        tabindex="0"
        type="button"
      >
        Settings
      </button>
      <button
        class="dropdown-item"
        id="restart"
        role="menuitem"
        tabindex="0"
        type="button"
      >
        Restart
      </button>
      <button
        class="dropdown-item"
        id="shutdown"
        role="menuitem"
        tabindex="0"
        type="button"
      >
        Shutdown
      </button>
    </div>
  </div>
</div>
`;

exports[`NewSouth check change name with "new_application" id 1`] = `
<div>
  <div
    class="dropdown dropstart"
  >
    <button
      aria-expanded="false"
      aria-haspopup="true"
      class="p-0 m-0 btn btn-secondary oi-dropdown-toggle btn btn-secondary btn-sm"
      id="dropdown-toggle"
      type="button"
    >
      <svg
        fill="currentColor"
        height="1em"
        stroke="currentColor"
        stroke-width="0"
        viewBox="0 0 192 512"
        width="1em"
        xmlns="http://www.w3.org/2000/svg"
      >
        <path
          d="M96 184c39.8 0 72 32.2 72 72s-32.2 72-72 72-72-32.2-72-72 32.2-72 72-72zM24 80c0 39.8 32.2 72 72 72s72-32.2 72-72S135.8 8 96 8 24 40.2 24 80zm0 352c0 39.8 32.2 72 72 72s72-32.2 72-72-32.2-72-72-72-72 32.2-72 72z"
        />
      </svg>
    </button>
    <div
      aria-hidden="true"
      class="dropdown-menu"
      role="menu"
      tabindex="-1"
    >
      <button
        class="dropdown-item"
        id="add-north"
        role="menuitem"
        tabindex="0"
        type="button"
      >
        Add North
      </button>
      <button
        class="dropdown-item"
        id="add-south"
        role="menuitem"
        tabindex="0"
        type="button"
      >
        Add South
      </button>
      <button
        class="dropdown-item"
        id="history"
        role="menuitem"
        tabindex="0"
        type="button"
      >
        History
      </button>
      <button
        class="dropdown-item"
        id="oi-settings"
        role="menuitem"
        tabindex="0"
        type="button"
      >
        Settings
      </button>
      <button
        class="dropdown-item"
        id="restart"
        role="menuitem"
        tabindex="0"
        type="button"
      >
        Restart
      </button>
      <button
        class="dropdown-item"
        id="shutdown"
        role="menuitem"
        tabindex="0"
        type="button"
      >
        Shutdown
      </button>
    </div>
  </div>
</div>
`;

exports[`NewSouth display NewSouth page based on config 1`] = `<div />`;

exports[`NewSouth display NewSouth page based on config 2`] = `<div />`;

exports[`NewSouth display NewSouth page based on config 3`] = `<div />`;

exports[`NewSouth display NewSouth page based on config 4`] = `<div />`;

exports[`NewSouth display NewSouth page based on config 5`] = `<div />`;
