// Jest Snapshot v1, https://goo.gl/fbAQLP

exports[`ConfigureProtocol check ConfigureProtocol 1`] = `
<div>
  <form
    class=""
  >
    <div
      class="row"
    >
      <h5
        aria-label="breadcrumb"
        class=""
      >
        <ol
          class="breadcrumb"
        >
          <li
            class="oi-breadcrumb breadcrumb-item"
            to="/"
          >
            Home
          </li>
          <li
            class="oi-breadcrumb breadcrumb-item"
            to="/south"
          >
            South
          </li>
          <span
            aria-current="page"
            class="active breadcrumb-item"
          >
            CSVServer
          </span>
        </ol>
      </h5>
    </div>
    <div
      class="row"
    >
      <h5>
        General settings
        <button
          aria-label="Close"
          class="close"
          id="id"
        >
          <svg
            class="oi-help"
            fill="currentColor"
            height="1em"
            stroke="currentColor"
            stroke-width="0"
            viewBox="0 0 512 512"
            width="1em"
            xmlns="http://www.w3.org/2000/svg"
          >
            <path
              d="M256 8C119.043 8 8 119.083 8 256c0 136.997 111.043 248 248 248s248-111.003 248-248C504 119.083 392.957 8 256 8zm0 448c-110.532 0-200-89.431-200-200 0-110.495 89.472-200 200-200 110.491 0 200 89.471 200 200 0 110.53-89.431 200-200 200zm107.244-255.2c0 67.052-72.421 68.084-72.421 92.863V300c0 6.627-5.373 12-12 12h-45.647c-6.627 0-12-5.373-12-12v-8.659c0-35.745 27.1-50.034 47.579-61.516 17.561-9.845 28.324-16.541 28.324-29.579 0-17.246-21.999-28.693-39.784-28.693-23.189 0-33.894 10.977-48.942 29.969-4.057 5.12-11.46 6.071-16.666 2.124l-27.824-21.098c-5.107-3.872-6.251-11.066-2.644-16.363C184.846 131.491 214.94 112 261.794 112c49.071 0 101.45 38.304 101.45 88.8zM298 368c0 23.159-18.841 42-42 42s-42-18.841-42-42 18.841-42 42-42 42 18.841 42 42z"
            />
          </svg>
        </button>
      </h5>
    </div>
    <div
      class="container-fluid"
    >
      <div
        class="collapse"
        toggler="id"
      >
        <div
          class="row"
          style="margin-bottom: 15px;"
        >
          <div
            class="col"
          >
            <ul>
              <li>
                This form allows to configure protocol-specific parameters.
              </li>
              <li>
                You need to activate the protocol with the enabled checkbox.
              </li>
            </ul>
          </div>
        </div>
      </div>
    </div>
    <div
      class="row"
    >
      <div
        class="col-md-2"
      >
        <div
          class="form-group"
        >
          <div
            class="custom-switch custom-control"
          >
            <input
              class="custom-control-input"
              color="secondary"
              id="south.dataSources.0.enabled"
              name="south.dataSources.0.enabled"
              type="checkbox"
            />
            <label
              class="custom-control-label"
              for="south.dataSources.0.enabled"
            >
              Enabled
            </label>
          </div>
        </div>
      </div>
    </div>
    <div
      class="row"
    >
      <div
        class="col-md-4"
      >
        <div
          class="form-group"
        >
          <label
            class=""
            for="south.dataSources.0.CSV.inputFolder"
          >
            Input folder
          </label>
          <input
            class="oi-form-input form-control"
            id="south.dataSources.0.CSV.inputFolder"
            name="south.dataSources.0.CSV.inputFolder"
            type="text"
            value="./tests/csv/input/"
          />
          <div
            class="invalid-feedback"
          />
          <small
            class="form-text text-muted"
          >
            <div>
              Path to the input folder
            </div>
          </small>
        </div>
      </div>
    </div>
    <div
      class="row"
    >
      <div
        class="col-md-4"
      >
        <div
          class="form-group"
        >
          <label
            class=""
            for="south.dataSources.0.CSV.archiveFolder"
          >
            Archive folder
          </label>
          <input
            class="oi-form-input form-control"
            id="south.dataSources.0.CSV.archiveFolder"
            name="south.dataSources.0.CSV.archiveFolder"
            type="text"
            value="./tests/csv/archived/"
          />
          <div
            class="invalid-feedback"
          />
          <small
            class="form-text text-muted"
          >
            <div>
              Path to the archive folder
            </div>
          </small>
        </div>
      </div>
    </div>
    <div
      class="row"
    >
      <div
        class="col-md-4"
      >
        <div
          class="form-group"
        >
          <label
            class=""
            for="south.dataSources.0.CSV.errorFolder"
          >
            Error folder
          </label>
          <input
            class="oi-form-input form-control"
            id="south.dataSources.0.CSV.errorFolder"
            name="south.dataSources.0.CSV.errorFolder"
            type="text"
            value="./tests/csv/error/"
          />
          <div
            class="invalid-feedback"
          />
          <small
            class="form-text text-muted"
          >
            <div>
              Path to the error folder
            </div>
          </small>
        </div>
      </div>
    </div>
    <div
      class="row"
    >
      <div
        class="col-md-2"
      >
        <div
          class="form-group"
        >
          <label
            class=""
            for="south.dataSources.0.CSV.separator"
          >
            CSV separator
          </label>
          <input
            class="oi-form-input form-control"
            id="south.dataSources.0.CSV.separator"
            name="south.dataSources.0.CSV.separator"
            type="text"
            value=","
          />
          <div
            class="invalid-feedback"
          />
          <small
            class="form-text text-muted"
          >
            <div>
              (often , or ;)
            </div>
          </small>
        </div>
      </div>
      <div
        class="col-md-2"
      >
        <div
          class="form-group"
        >
          <label
            class=""
            for="south.dataSources.0.CSV.timeColumn"
          >
            Time column
          </label>
          <input
            class="oi-form-input form-control"
            id="south.dataSources.0.CSV.timeColumn"
            name="south.dataSources.0.CSV.timeColumn"
            type="text"
            value="0"
          />
          <div
            class="invalid-feedback"
          />
          <small
            class="form-text text-muted"
          >
            <div>
              Column with the timestamp
            </div>
          </small>
        </div>
      </div>
      <div
        class="col-md-2"
      >
        <div
          class="form-group"
        >
          <label
            class=""
          >
            Has first line
          </label>
          <input
            checked=""
            class="oi-form-input form-check-input"
            id="south.dataSources.0.CSV.hasFirstLine"
            name="south.dataSources.0.CSV.hasFirstLine"
            style="position: relative; left: 1.5rem;"
            type="checkbox"
          />
        </div>
      </div>
    </div>
  </form>
</div>
`;
