// Jest Snapshot v1, https://goo.gl/fbAQLP

exports[`Logs check Logs 1`] = `
<div>
  <div
    class="container-fluid"
  >
    <div
      class="p-3 row"
    >
      <div
        class="log-left-panel col"
      >
        <div
          class="card"
        >
          <label
            class="label-card-title form-label"
          >
            Filters
          </label>
          <div
            class="card-body card-body"
          >
            <div
              class="mb-3"
            >
              <label
                class="form-label"
                for="fromDate"
              >
                From date
              </label>
              <input
                class="oi-form-input form-control"
                id="fromDate"
                max="2020-02-01T00:00"
                placeholder="yyyy-mm-ddThh:mm:ss+hh:mm"
                required=""
                type="datetime-local"
              />
              <small
                class="form-text text-muted"
              >
                default: Current datetime - 24 hours (now - 24 hours)
              </small>
            </div>
            <div
              class="mb-3"
            >
              <label
                class="form-label"
                for="toDate"
              >
                To date
              </label>
              <input
                class="oi-form-input form-control"
                id="toDate"
                max="2020-02-01T00:00"
                placeholder="yyyy-mm-ddThh:mm:ss+hh:mm"
                required=""
                type="datetime-local"
              />
              <small
                class="form-text text-muted"
              >
                default: Current datetime (now)
              </small>
            </div>
            <div
              class="mb-3"
            >
              <label
                class="form-label"
                for="verbosity"
              >
                Verbosity
              </label>
              <div
                class="text-success form-check"
              >
                <label
                  class="form-check-label form-label"
                >
                  <input
                    checked=""
                    class="oi-form-input form-check-input"
                    id="verbosity"
                    type="checkbox"
                  />
                  debug
                </label>
              </div>
              <div
                class="text-info form-check"
              >
                <label
                  class="form-check-label form-label"
                >
                  <input
                    checked=""
                    class="oi-form-input form-check-input"
                    id="verbosity"
                    type="checkbox"
                  />
                  info
                </label>
              </div>
              <div
                class="text-warning form-check"
              >
                <label
                  class="form-check-label form-label"
                >
                  <input
                    checked=""
                    class="oi-form-input form-check-input"
                    id="verbosity"
                    type="checkbox"
                  />
                  warning
                </label>
              </div>
              <div
                class="text-danger form-check"
              >
                <label
                  class="form-check-label form-label"
                >
                  <input
                    checked=""
                    class="oi-form-input form-check-input"
                    id="verbosity"
                    type="checkbox"
                  />
                  error
                </label>
              </div>
              <div
                class="text-primary form-check"
              >
                <label
                  class="form-check-label form-label"
                >
                  <input
                    class="oi-form-input form-check-input"
                    id="verbosity"
                    type="checkbox"
                  />
                  trace
                </label>
              </div>
            </div>
            <button
              class="btn btn-primary"
              id="showLog"
              type="button"
            >
              Show log
            </button>
          </div>
        </div>
      </div>
      <div
        class="log-right-panel col"
      >
        <div
          class="card"
        >
          <label
            class="label-card-title form-label"
          >
            Logs
          </label>
          <div
            class="card-body card-body"
          >
            <div
              class="row mb-3"
            >
              <label
                class="col-sm-1 col-form-label"
                for="filterText"
              >
                Filter
              </label>
              <div
                class="col-sm-11"
              >
                <input
                  class="oi-form-input form-control"
                  id="filterText"
                  placeholder="message contains..."
                  type="text"
                  value=""
                />
              </div>
            </div>
            <div
              class="table-responsive"
            >
              <table
                class="table table-small table-bordered table-hover"
              >
                <tbody>
                  <tr
                    class="oi-log text-success"
                  >
                    <td
                      style="width: 120px;"
                    >
                      Sat, 01 Feb 2020 00:00:00 GMT-Sat, 01 Feb 2020 00:00:00 GMT
                    </td>
                    <td>
                      Source
                    </td>
                    <td>
                      debug
                    </td>
                    <td>
                      Testing debug logs
                    </td>
                  </tr>
                  <tr
                    class="oi-log text-info"
                  >
                    <td
                      style="width: 120px;"
                    >
                      Sat, 01 Feb 2020 00:00:00 GMT-Sat, 01 Feb 2020 00:00:00 GMT
                    </td>
                    <td>
                      Source
                    </td>
                    <td>
                      info
                    </td>
                    <td>
                      Testing info logs
                    </td>
                  </tr>
                  <tr
                    class="oi-log text-warning"
                  >
                    <td
                      style="width: 120px;"
                    >
                      Sat, 01 Feb 2020 00:00:00 GMT-Sat, 01 Feb 2020 00:00:00 GMT
                    </td>
                    <td>
                      Source
                    </td>
                    <td>
                      warning
                    </td>
                    <td>
                      Testing warning logs
                    </td>
                  </tr>
                  <tr
                    class="oi-log text-danger"
                  >
                    <td
                      style="width: 120px;"
                    >
                      Sat, 01 Feb 2020 00:00:00 GMT-Sat, 01 Feb 2020 00:00:00 GMT
                    </td>
                    <td>
                      Source
                    </td>
                    <td>
                      error
                    </td>
                    <td>
                      Testing error logs
                    </td>
                  </tr>
                  <tr
                    class="oi-log text-primary"
                  >
                    <td
                      style="width: 120px;"
                    >
                      Sat, 01 Feb 2020 00:00:00 GMT-Sat, 01 Feb 2020 00:00:00 GMT
                    </td>
                    <td>
                      Source
                    </td>
                    <td>
                      trace
                    </td>
                    <td>
                      Testing trace logs
                    </td>
                  </tr>
                </tbody>
              </table>
            </div>
            <button
              class="btn btn-primary"
              id="showMore"
              type="button"
            >
              Show more...
            </button>
          </div>
        </div>
      </div>
    </div>
  </div>
</div>
`;

exports[`Logs check change filterText 1`] = `
<div>
  <div
    class="container-fluid"
  >
    <div
      class="p-3 row"
    >
      <div
        class="log-left-panel col"
      >
        <div
          class="card"
        >
          <label
            class="label-card-title form-label"
          >
            Filters
          </label>
          <div
            class="card-body card-body"
          >
            <div
              class="mb-3"
            >
              <label
                class="form-label"
                for="fromDate"
              >
                From date
              </label>
              <input
                class="oi-form-input form-control"
                id="fromDate"
                max="2020-02-01T00:00"
                placeholder="yyyy-mm-ddThh:mm:ss+hh:mm"
                required=""
                type="datetime-local"
              />
              <small
                class="form-text text-muted"
              >
                default: Current datetime - 24 hours (now - 24 hours)
              </small>
            </div>
            <div
              class="mb-3"
            >
              <label
                class="form-label"
                for="toDate"
              >
                To date
              </label>
              <input
                class="oi-form-input form-control"
                id="toDate"
                max="2020-02-01T00:00"
                placeholder="yyyy-mm-ddThh:mm:ss+hh:mm"
                required=""
                type="datetime-local"
              />
              <small
                class="form-text text-muted"
              >
                default: Current datetime (now)
              </small>
            </div>
            <div
              class="mb-3"
            >
              <label
                class="form-label"
                for="verbosity"
              >
                Verbosity
              </label>
              <div
                class="text-success form-check"
              >
                <label
                  class="form-check-label form-label"
                >
                  <input
                    checked=""
                    class="oi-form-input form-check-input"
                    id="verbosity"
                    type="checkbox"
                  />
                  debug
                </label>
              </div>
              <div
                class="text-info form-check"
              >
                <label
                  class="form-check-label form-label"
                >
                  <input
                    checked=""
                    class="oi-form-input form-check-input"
                    id="verbosity"
                    type="checkbox"
                  />
                  info
                </label>
              </div>
              <div
                class="text-warning form-check"
              >
                <label
                  class="form-check-label form-label"
                >
                  <input
                    checked=""
                    class="oi-form-input form-check-input"
                    id="verbosity"
                    type="checkbox"
                  />
                  warning
                </label>
              </div>
              <div
                class="text-danger form-check"
              >
                <label
                  class="form-check-label form-label"
                >
                  <input
                    checked=""
                    class="oi-form-input form-check-input"
                    id="verbosity"
                    type="checkbox"
                  />
                  error
                </label>
              </div>
              <div
                class="text-primary form-check"
              >
                <label
                  class="form-check-label form-label"
                >
                  <input
                    class="oi-form-input form-check-input"
                    id="verbosity"
                    type="checkbox"
                  />
                  trace
                </label>
              </div>
            </div>
            <button
              class="btn btn-primary"
              id="showLog"
              type="button"
            >
              Show log
            </button>
          </div>
        </div>
      </div>
      <div
        class="log-right-panel col"
      >
        <div
          class="card"
        >
          <label
            class="label-card-title form-label"
          >
            Logs
          </label>
          <div
            class="card-body card-body"
          >
            <div
              class="row mb-3"
            >
              <label
                class="col-sm-1 col-form-label"
                for="filterText"
              >
                Filter
              </label>
              <div
                class="col-sm-11"
              >
                <input
                  class="oi-form-input form-control"
                  id="filterText"
                  placeholder="message contains..."
                  type="text"
                  value=""
                />
              </div>
            </div>
            <div
              class="table-responsive"
            >
              <table
                class="table table-small table-bordered table-hover"
              >
                <tbody>
                  <tr
                    class="oi-log text-success"
                  >
                    <td
                      style="width: 120px;"
                    >
                      Sat, 01 Feb 2020 00:00:00 GMT-Sat, 01 Feb 2020 00:00:00 GMT
                    </td>
                    <td>
                      Source
                    </td>
                    <td>
                      debug
                    </td>
                    <td>
                      Testing debug logs
                    </td>
                  </tr>
                  <tr
                    class="oi-log text-info"
                  >
                    <td
                      style="width: 120px;"
                    >
                      Sat, 01 Feb 2020 00:00:00 GMT-Sat, 01 Feb 2020 00:00:00 GMT
                    </td>
                    <td>
                      Source
                    </td>
                    <td>
                      info
                    </td>
                    <td>
                      Testing info logs
                    </td>
                  </tr>
                  <tr
                    class="oi-log text-warning"
                  >
                    <td
                      style="width: 120px;"
                    >
                      Sat, 01 Feb 2020 00:00:00 GMT-Sat, 01 Feb 2020 00:00:00 GMT
                    </td>
                    <td>
                      Source
                    </td>
                    <td>
                      warning
                    </td>
                    <td>
                      Testing warning logs
                    </td>
                  </tr>
                  <tr
                    class="oi-log text-danger"
                  >
                    <td
                      style="width: 120px;"
                    >
                      Sat, 01 Feb 2020 00:00:00 GMT-Sat, 01 Feb 2020 00:00:00 GMT
                    </td>
                    <td>
                      Source
                    </td>
                    <td>
                      error
                    </td>
                    <td>
                      Testing error logs
                    </td>
                  </tr>
                  <tr
                    class="oi-log text-primary"
                  >
                    <td
                      style="width: 120px;"
                    >
                      Sat, 01 Feb 2020 00:00:00 GMT-Sat, 01 Feb 2020 00:00:00 GMT
                    </td>
                    <td>
                      Source
                    </td>
                    <td>
                      trace
                    </td>
                    <td>
                      Testing trace logs
                    </td>
                  </tr>
                </tbody>
              </table>
            </div>
            <button
              class="btn btn-primary"
              id="showMore"
              type="button"
            >
              Show more...
            </button>
          </div>
        </div>
      </div>
    </div>
  </div>
</div>
`;

exports[`Logs check change fromDate 1`] = `
<div>
  <div
    class="container-fluid"
  >
    <div
      class="p-3 row"
    >
      <div
        class="log-left-panel col"
      >
        <div
          class="card"
        >
          <label
            class="label-card-title form-label"
          >
            Filters
          </label>
          <div
            class="card-body card-body"
          >
            <div
              class="mb-3"
            >
              <label
                class="form-label"
                for="fromDate"
              >
                From date
              </label>
              <input
                class="oi-form-input form-control"
                id="fromDate"
                max="2020-02-01T00:00"
                placeholder="yyyy-mm-ddThh:mm:ss+hh:mm"
                required=""
                type="datetime-local"
              />
              <small
                class="form-text text-muted"
              >
                default: Current datetime - 24 hours (now - 24 hours)
              </small>
            </div>
            <div
              class="mb-3"
            >
              <label
                class="form-label"
                for="toDate"
              >
                To date
              </label>
              <input
                class="oi-form-input form-control"
                id="toDate"
                max="2020-02-01T00:00"
                placeholder="yyyy-mm-ddThh:mm:ss+hh:mm"
                required=""
                type="datetime-local"
              />
              <small
                class="form-text text-muted"
              >
                default: Current datetime (now)
              </small>
            </div>
            <div
              class="mb-3"
            >
              <label
                class="form-label"
                for="verbosity"
              >
                Verbosity
              </label>
              <div
                class="text-success form-check"
              >
                <label
                  class="form-check-label form-label"
                >
                  <input
                    checked=""
                    class="oi-form-input form-check-input"
                    id="verbosity"
                    type="checkbox"
                  />
                  debug
                </label>
              </div>
              <div
                class="text-info form-check"
              >
                <label
                  class="form-check-label form-label"
                >
                  <input
                    checked=""
                    class="oi-form-input form-check-input"
                    id="verbosity"
                    type="checkbox"
                  />
                  info
                </label>
              </div>
              <div
                class="text-warning form-check"
              >
                <label
                  class="form-check-label form-label"
                >
                  <input
                    checked=""
                    class="oi-form-input form-check-input"
                    id="verbosity"
                    type="checkbox"
                  />
                  warning
                </label>
              </div>
              <div
                class="text-danger form-check"
              >
                <label
                  class="form-check-label form-label"
                >
                  <input
                    checked=""
                    class="oi-form-input form-check-input"
                    id="verbosity"
                    type="checkbox"
                  />
                  error
                </label>
              </div>
              <div
                class="text-primary form-check"
              >
                <label
                  class="form-check-label form-label"
                >
                  <input
                    class="oi-form-input form-check-input"
                    id="verbosity"
                    type="checkbox"
                  />
                  trace
                </label>
              </div>
            </div>
            <button
              class="btn btn-primary"
              id="showLog"
              type="button"
            >
              Show log
            </button>
          </div>
        </div>
      </div>
      <div
        class="log-right-panel col"
      >
        <div
          class="card"
        >
          <label
            class="label-card-title form-label"
          >
            Logs
          </label>
          <div
            class="card-body card-body"
          >
            <div
              class="row mb-3"
            >
              <label
                class="col-sm-1 col-form-label"
                for="filterText"
              >
                Filter
              </label>
              <div
                class="col-sm-11"
              >
                <input
                  class="oi-form-input form-control"
                  id="filterText"
                  placeholder="message contains..."
                  type="text"
                  value=""
                />
              </div>
            </div>
            <div
              class="table-responsive"
            >
              <table
                class="table table-small table-bordered table-hover"
              >
                <tbody>
                  <tr
                    class="oi-log text-success"
                  >
                    <td
                      style="width: 120px;"
                    >
                      Sat, 01 Feb 2020 00:00:00 GMT-Sat, 01 Feb 2020 00:00:00 GMT
                    </td>
                    <td>
                      Source
                    </td>
                    <td>
                      debug
                    </td>
                    <td>
                      Testing debug logs
                    </td>
                  </tr>
                  <tr
                    class="oi-log text-info"
                  >
                    <td
                      style="width: 120px;"
                    >
                      Sat, 01 Feb 2020 00:00:00 GMT-Sat, 01 Feb 2020 00:00:00 GMT
                    </td>
                    <td>
                      Source
                    </td>
                    <td>
                      info
                    </td>
                    <td>
                      Testing info logs
                    </td>
                  </tr>
                  <tr
                    class="oi-log text-warning"
                  >
                    <td
                      style="width: 120px;"
                    >
                      Sat, 01 Feb 2020 00:00:00 GMT-Sat, 01 Feb 2020 00:00:00 GMT
                    </td>
                    <td>
                      Source
                    </td>
                    <td>
                      warning
                    </td>
                    <td>
                      Testing warning logs
                    </td>
                  </tr>
                  <tr
                    class="oi-log text-danger"
                  >
                    <td
                      style="width: 120px;"
                    >
                      Sat, 01 Feb 2020 00:00:00 GMT-Sat, 01 Feb 2020 00:00:00 GMT
                    </td>
                    <td>
                      Source
                    </td>
                    <td>
                      error
                    </td>
                    <td>
                      Testing error logs
                    </td>
                  </tr>
                  <tr
                    class="oi-log text-primary"
                  >
                    <td
                      style="width: 120px;"
                    >
                      Sat, 01 Feb 2020 00:00:00 GMT-Sat, 01 Feb 2020 00:00:00 GMT
                    </td>
                    <td>
                      Source
                    </td>
                    <td>
                      trace
                    </td>
                    <td>
                      Testing trace logs
                    </td>
                  </tr>
                </tbody>
              </table>
            </div>
            <button
              class="btn btn-primary"
              id="showMore"
              type="button"
            >
              Show more...
            </button>
          </div>
        </div>
      </div>
    </div>
  </div>
</div>
`;

exports[`Logs check change toDate 1`] = `
<div>
  <div
    class="container-fluid"
  >
    <div
      class="p-3 row"
    >
      <div
        class="log-left-panel col"
      >
        <div
          class="card"
        >
          <label
            class="label-card-title form-label"
          >
            Filters
          </label>
          <div
            class="card-body card-body"
          >
            <div
              class="mb-3"
            >
              <label
                class="form-label"
                for="fromDate"
              >
                From date
              </label>
              <input
                class="oi-form-input form-control"
                id="fromDate"
                max="2020-02-01T00:00"
                placeholder="yyyy-mm-ddThh:mm:ss+hh:mm"
                required=""
                type="datetime-local"
              />
              <small
                class="form-text text-muted"
              >
                default: Current datetime - 24 hours (now - 24 hours)
              </small>
            </div>
            <div
              class="mb-3"
            >
              <label
                class="form-label"
                for="toDate"
              >
                To date
              </label>
              <input
                class="oi-form-input form-control"
                id="toDate"
                max="2020-02-01T00:00"
                placeholder="yyyy-mm-ddThh:mm:ss+hh:mm"
                required=""
                type="datetime-local"
              />
              <small
                class="form-text text-muted"
              >
                default: Current datetime (now)
              </small>
            </div>
            <div
              class="mb-3"
            >
              <label
                class="form-label"
                for="verbosity"
              >
                Verbosity
              </label>
              <div
                class="text-success form-check"
              >
                <label
                  class="form-check-label form-label"
                >
                  <input
                    checked=""
                    class="oi-form-input form-check-input"
                    id="verbosity"
                    type="checkbox"
                  />
                  debug
                </label>
              </div>
              <div
                class="text-info form-check"
              >
                <label
                  class="form-check-label form-label"
                >
                  <input
                    checked=""
                    class="oi-form-input form-check-input"
                    id="verbosity"
                    type="checkbox"
                  />
                  info
                </label>
              </div>
              <div
                class="text-warning form-check"
              >
                <label
                  class="form-check-label form-label"
                >
                  <input
                    checked=""
                    class="oi-form-input form-check-input"
                    id="verbosity"
                    type="checkbox"
                  />
                  warning
                </label>
              </div>
              <div
                class="text-danger form-check"
              >
                <label
                  class="form-check-label form-label"
                >
                  <input
                    checked=""
                    class="oi-form-input form-check-input"
                    id="verbosity"
                    type="checkbox"
                  />
                  error
                </label>
              </div>
              <div
                class="text-primary form-check"
              >
                <label
                  class="form-check-label form-label"
                >
                  <input
                    class="oi-form-input form-check-input"
                    id="verbosity"
                    type="checkbox"
                  />
                  trace
                </label>
              </div>
            </div>
            <button
              class="btn btn-primary"
              id="showLog"
              type="button"
            >
              Show log
            </button>
          </div>
        </div>
      </div>
      <div
        class="log-right-panel col"
      >
        <div
          class="card"
        >
          <label
            class="label-card-title form-label"
          >
            Logs
          </label>
          <div
            class="card-body card-body"
          >
            <div
              class="row mb-3"
            >
              <label
                class="col-sm-1 col-form-label"
                for="filterText"
              >
                Filter
              </label>
              <div
                class="col-sm-11"
              >
                <input
                  class="oi-form-input form-control"
                  id="filterText"
                  placeholder="message contains..."
                  type="text"
                  value=""
                />
              </div>
            </div>
            <div
              class="table-responsive"
            >
              <table
                class="table table-small table-bordered table-hover"
              >
                <tbody>
                  <tr
                    class="oi-log text-success"
                  >
                    <td
                      style="width: 120px;"
                    >
                      Sat, 01 Feb 2020 00:00:00 GMT-Sat, 01 Feb 2020 00:00:00 GMT
                    </td>
                    <td>
                      Source
                    </td>
                    <td>
                      debug
                    </td>
                    <td>
                      Testing debug logs
                    </td>
                  </tr>
                  <tr
                    class="oi-log text-info"
                  >
                    <td
                      style="width: 120px;"
                    >
                      Sat, 01 Feb 2020 00:00:00 GMT-Sat, 01 Feb 2020 00:00:00 GMT
                    </td>
                    <td>
                      Source
                    </td>
                    <td>
                      info
                    </td>
                    <td>
                      Testing info logs
                    </td>
                  </tr>
                  <tr
                    class="oi-log text-warning"
                  >
                    <td
                      style="width: 120px;"
                    >
                      Sat, 01 Feb 2020 00:00:00 GMT-Sat, 01 Feb 2020 00:00:00 GMT
                    </td>
                    <td>
                      Source
                    </td>
                    <td>
                      warning
                    </td>
                    <td>
                      Testing warning logs
                    </td>
                  </tr>
                  <tr
                    class="oi-log text-danger"
                  >
                    <td
                      style="width: 120px;"
                    >
                      Sat, 01 Feb 2020 00:00:00 GMT-Sat, 01 Feb 2020 00:00:00 GMT
                    </td>
                    <td>
                      Source
                    </td>
                    <td>
                      error
                    </td>
                    <td>
                      Testing error logs
                    </td>
                  </tr>
                  <tr
                    class="oi-log text-primary"
                  >
                    <td
                      style="width: 120px;"
                    >
                      Sat, 01 Feb 2020 00:00:00 GMT-Sat, 01 Feb 2020 00:00:00 GMT
                    </td>
                    <td>
                      Source
                    </td>
                    <td>
                      trace
                    </td>
                    <td>
                      Testing trace logs
                    </td>
                  </tr>
                </tbody>
              </table>
            </div>
            <button
              class="btn btn-primary"
              id="showMore"
              type="button"
            >
              Show more...
            </button>
          </div>
        </div>
      </div>
    </div>
  </div>
</div>
`;

exports[`Logs check change verbosity, check trace 1`] = `
<div>
  <div
    class="container-fluid"
  >
    <div
      class="p-3 row"
    >
      <div
        class="log-left-panel col"
      >
        <div
          class="card"
        >
          <label
            class="label-card-title form-label"
          >
            Filters
          </label>
          <div
            class="card-body card-body"
          >
            <div
              class="mb-3"
            >
              <label
                class="form-label"
                for="fromDate"
              >
                From date
              </label>
              <input
                class="oi-form-input form-control"
                id="fromDate"
                max="2020-02-01T00:00"
                placeholder="yyyy-mm-ddThh:mm:ss+hh:mm"
                required=""
                type="datetime-local"
              />
              <small
                class="form-text text-muted"
              >
                default: Current datetime - 24 hours (now - 24 hours)
              </small>
            </div>
            <div
              class="mb-3"
            >
              <label
                class="form-label"
                for="toDate"
              >
                To date
              </label>
              <input
                class="oi-form-input form-control"
                id="toDate"
                max="2020-02-01T00:00"
                placeholder="yyyy-mm-ddThh:mm:ss+hh:mm"
                required=""
                type="datetime-local"
              />
              <small
                class="form-text text-muted"
              >
                default: Current datetime (now)
              </small>
            </div>
            <div
              class="mb-3"
            >
              <label
                class="form-label"
                for="verbosity"
              >
                Verbosity
              </label>
              <div
                class="text-success form-check"
              >
                <label
                  class="form-check-label form-label"
                >
                  <input
                    checked=""
                    class="oi-form-input form-check-input"
                    id="verbosity"
                    type="checkbox"
                  />
                  debug
                </label>
              </div>
              <div
                class="text-info form-check"
              >
                <label
                  class="form-check-label form-label"
                >
                  <input
                    checked=""
                    class="oi-form-input form-check-input"
                    id="verbosity"
                    type="checkbox"
                  />
                  info
                </label>
              </div>
              <div
                class="text-warning form-check"
              >
                <label
                  class="form-check-label form-label"
                >
                  <input
                    checked=""
                    class="oi-form-input form-check-input"
                    id="verbosity"
                    type="checkbox"
                  />
                  warning
                </label>
              </div>
              <div
                class="text-danger form-check"
              >
                <label
                  class="form-check-label form-label"
                >
                  <input
                    checked=""
                    class="oi-form-input form-check-input"
                    id="verbosity"
                    type="checkbox"
                  />
                  error
                </label>
              </div>
              <div
                class="text-primary form-check"
              >
                <label
                  class="form-check-label form-label"
                >
                  <input
                    class="oi-form-input form-check-input"
                    id="verbosity"
                    type="checkbox"
                  />
                  trace
                </label>
              </div>
            </div>
            <button
              class="btn btn-primary"
              id="showLog"
              type="button"
            >
              Show log
            </button>
          </div>
        </div>
      </div>
      <div
        class="log-right-panel col"
      >
        <div
          class="card"
        >
          <label
            class="label-card-title form-label"
          >
            Logs
          </label>
          <div
            class="card-body card-body"
          >
            <div
              class="row mb-3"
            >
              <label
                class="col-sm-1 col-form-label"
                for="filterText"
              >
                Filter
              </label>
              <div
                class="col-sm-11"
              >
                <input
                  class="oi-form-input form-control"
                  id="filterText"
                  placeholder="message contains..."
                  type="text"
                  value=""
                />
              </div>
            </div>
            <div
              class="table-responsive"
            >
              <table
                class="table table-small table-bordered table-hover"
              >
                <tbody>
                  <tr
                    class="oi-log text-success"
                  >
                    <td
                      style="width: 120px;"
                    >
                      Sat, 01 Feb 2020 00:00:00 GMT-Sat, 01 Feb 2020 00:00:00 GMT
                    </td>
                    <td>
                      Source
                    </td>
                    <td>
                      debug
                    </td>
                    <td>
                      Testing debug logs
                    </td>
                  </tr>
                  <tr
                    class="oi-log text-info"
                  >
                    <td
                      style="width: 120px;"
                    >
                      Sat, 01 Feb 2020 00:00:00 GMT-Sat, 01 Feb 2020 00:00:00 GMT
                    </td>
                    <td>
                      Source
                    </td>
                    <td>
                      info
                    </td>
                    <td>
                      Testing info logs
                    </td>
                  </tr>
                  <tr
                    class="oi-log text-warning"
                  >
                    <td
                      style="width: 120px;"
                    >
                      Sat, 01 Feb 2020 00:00:00 GMT-Sat, 01 Feb 2020 00:00:00 GMT
                    </td>
                    <td>
                      Source
                    </td>
                    <td>
                      warning
                    </td>
                    <td>
                      Testing warning logs
                    </td>
                  </tr>
                  <tr
                    class="oi-log text-danger"
                  >
                    <td
                      style="width: 120px;"
                    >
                      Sat, 01 Feb 2020 00:00:00 GMT-Sat, 01 Feb 2020 00:00:00 GMT
                    </td>
                    <td>
                      Source
                    </td>
                    <td>
                      error
                    </td>
                    <td>
                      Testing error logs
                    </td>
                  </tr>
                  <tr
                    class="oi-log text-primary"
                  >
                    <td
                      style="width: 120px;"
                    >
                      Sat, 01 Feb 2020 00:00:00 GMT-Sat, 01 Feb 2020 00:00:00 GMT
                    </td>
                    <td>
                      Source
                    </td>
                    <td>
                      trace
                    </td>
                    <td>
                      Testing trace logs
                    </td>
                  </tr>
                </tbody>
              </table>
            </div>
            <button
              class="btn btn-primary"
              id="showMore"
              type="button"
            >
              Show more...
            </button>
          </div>
        </div>
      </div>
    </div>
  </div>
</div>
`;

exports[`Logs check change verbosity, uncheck debug 1`] = `
<div>
  <div
    class="container-fluid"
  >
    <div
      class="p-3 row"
    >
      <div
        class="log-left-panel col"
      >
        <div
          class="card"
        >
          <label
            class="label-card-title form-label"
          >
            Filters
          </label>
          <div
            class="card-body card-body"
          >
            <div
              class="mb-3"
            >
              <label
                class="form-label"
                for="fromDate"
              >
                From date
              </label>
              <input
                class="oi-form-input form-control"
                id="fromDate"
                max="2020-02-01T00:00"
                placeholder="yyyy-mm-ddThh:mm:ss+hh:mm"
                required=""
                type="datetime-local"
              />
              <small
                class="form-text text-muted"
              >
                default: Current datetime - 24 hours (now - 24 hours)
              </small>
            </div>
            <div
              class="mb-3"
            >
              <label
                class="form-label"
                for="toDate"
              >
                To date
              </label>
              <input
                class="oi-form-input form-control"
                id="toDate"
                max="2020-02-01T00:00"
                placeholder="yyyy-mm-ddThh:mm:ss+hh:mm"
                required=""
                type="datetime-local"
              />
              <small
                class="form-text text-muted"
              >
                default: Current datetime (now)
              </small>
            </div>
            <div
              class="mb-3"
            >
              <label
                class="form-label"
                for="verbosity"
              >
                Verbosity
              </label>
              <div
                class="text-success form-check"
              >
                <label
                  class="form-check-label form-label"
                >
                  <input
                    checked=""
                    class="oi-form-input form-check-input"
                    id="verbosity"
                    type="checkbox"
                  />
                  debug
                </label>
              </div>
              <div
                class="text-info form-check"
              >
                <label
                  class="form-check-label form-label"
                >
                  <input
                    checked=""
                    class="oi-form-input form-check-input"
                    id="verbosity"
                    type="checkbox"
                  />
                  info
                </label>
              </div>
              <div
                class="text-warning form-check"
              >
                <label
                  class="form-check-label form-label"
                >
                  <input
                    checked=""
                    class="oi-form-input form-check-input"
                    id="verbosity"
                    type="checkbox"
                  />
                  warning
                </label>
              </div>
              <div
                class="text-danger form-check"
              >
                <label
                  class="form-check-label form-label"
                >
                  <input
                    checked=""
                    class="oi-form-input form-check-input"
                    id="verbosity"
                    type="checkbox"
                  />
                  error
                </label>
              </div>
              <div
                class="text-primary form-check"
              >
                <label
                  class="form-check-label form-label"
                >
                  <input
                    class="oi-form-input form-check-input"
                    id="verbosity"
                    type="checkbox"
                  />
                  trace
                </label>
              </div>
            </div>
            <button
              class="btn btn-primary"
              id="showLog"
              type="button"
            >
              Show log
            </button>
          </div>
        </div>
      </div>
      <div
        class="log-right-panel col"
      >
        <div
          class="card"
        >
          <label
            class="label-card-title form-label"
          >
            Logs
          </label>
          <div
            class="card-body card-body"
          >
            <div
              class="row mb-3"
            >
              <label
                class="col-sm-1 col-form-label"
                for="filterText"
              >
                Filter
              </label>
              <div
                class="col-sm-11"
              >
                <input
                  class="oi-form-input form-control"
                  id="filterText"
                  placeholder="message contains..."
                  type="text"
                  value=""
                />
              </div>
            </div>
            <div
              class="table-responsive"
            >
              <table
                class="table table-small table-bordered table-hover"
              >
                <tbody>
                  <tr
                    class="oi-log text-success"
                  >
                    <td
                      style="width: 120px;"
                    >
                      Sat, 01 Feb 2020 00:00:00 GMT-Sat, 01 Feb 2020 00:00:00 GMT
                    </td>
                    <td>
                      Source
                    </td>
                    <td>
                      debug
                    </td>
                    <td>
                      Testing debug logs
                    </td>
                  </tr>
                  <tr
                    class="oi-log text-info"
                  >
                    <td
                      style="width: 120px;"
                    >
                      Sat, 01 Feb 2020 00:00:00 GMT-Sat, 01 Feb 2020 00:00:00 GMT
                    </td>
                    <td>
                      Source
                    </td>
                    <td>
                      info
                    </td>
                    <td>
                      Testing info logs
                    </td>
                  </tr>
                  <tr
                    class="oi-log text-warning"
                  >
                    <td
                      style="width: 120px;"
                    >
                      Sat, 01 Feb 2020 00:00:00 GMT-Sat, 01 Feb 2020 00:00:00 GMT
                    </td>
                    <td>
                      Source
                    </td>
                    <td>
                      warning
                    </td>
                    <td>
                      Testing warning logs
                    </td>
                  </tr>
                  <tr
                    class="oi-log text-danger"
                  >
                    <td
                      style="width: 120px;"
                    >
                      Sat, 01 Feb 2020 00:00:00 GMT-Sat, 01 Feb 2020 00:00:00 GMT
                    </td>
                    <td>
                      Source
                    </td>
                    <td>
                      error
                    </td>
                    <td>
                      Testing error logs
                    </td>
                  </tr>
                  <tr
                    class="oi-log text-primary"
                  >
                    <td
                      style="width: 120px;"
                    >
                      Sat, 01 Feb 2020 00:00:00 GMT-Sat, 01 Feb 2020 00:00:00 GMT
                    </td>
                    <td>
                      Source
                    </td>
                    <td>
                      trace
                    </td>
                    <td>
                      Testing trace logs
                    </td>
                  </tr>
                </tbody>
              </table>
            </div>
            <button
              class="btn btn-primary"
              id="showMore"
              type="button"
            >
              Show more...
            </button>
          </div>
        </div>
      </div>
    </div>
  </div>
</div>
`;

exports[`Logs check press Show Logs, success in logs call 1`] = `
<div>
  <div
    class="container-fluid"
  >
    <div
      class="p-3 row"
    >
      <div
        class="log-left-panel col"
      >
        <div
          class="card"
        >
          <label
            class="label-card-title form-label"
          >
            Filters
          </label>
          <div
            class="card-body card-body"
          >
            <div
              class="mb-3"
            >
              <label
                class="form-label"
                for="fromDate"
              >
                From date
              </label>
              <input
                class="oi-form-input form-control"
                id="fromDate"
                max="2020-02-01T00:00"
                placeholder="yyyy-mm-ddThh:mm:ss+hh:mm"
                required=""
                type="datetime-local"
              />
              <small
                class="form-text text-muted"
              >
                default: Current datetime - 24 hours (now - 24 hours)
              </small>
            </div>
            <div
              class="mb-3"
            >
              <label
                class="form-label"
                for="toDate"
              >
                To date
              </label>
              <input
                class="oi-form-input form-control"
                id="toDate"
                max="2020-02-01T00:00"
                placeholder="yyyy-mm-ddThh:mm:ss+hh:mm"
                required=""
                type="datetime-local"
              />
              <small
                class="form-text text-muted"
              >
                default: Current datetime (now)
              </small>
            </div>
            <div
              class="mb-3"
            >
              <label
                class="form-label"
                for="verbosity"
              >
                Verbosity
              </label>
              <div
                class="text-success form-check"
              >
                <label
                  class="form-check-label form-label"
                >
                  <input
                    checked=""
                    class="oi-form-input form-check-input"
                    id="verbosity"
                    type="checkbox"
                  />
                  debug
                </label>
              </div>
              <div
                class="text-info form-check"
              >
                <label
                  class="form-check-label form-label"
                >
                  <input
                    checked=""
                    class="oi-form-input form-check-input"
                    id="verbosity"
                    type="checkbox"
                  />
                  info
                </label>
              </div>
              <div
                class="text-warning form-check"
              >
                <label
                  class="form-check-label form-label"
                >
                  <input
                    checked=""
                    class="oi-form-input form-check-input"
                    id="verbosity"
                    type="checkbox"
                  />
                  warning
                </label>
              </div>
              <div
                class="text-danger form-check"
              >
                <label
                  class="form-check-label form-label"
                >
                  <input
                    checked=""
                    class="oi-form-input form-check-input"
                    id="verbosity"
                    type="checkbox"
                  />
                  error
                </label>
              </div>
              <div
                class="text-primary form-check"
              >
                <label
                  class="form-check-label form-label"
                >
                  <input
                    class="oi-form-input form-check-input"
                    id="verbosity"
                    type="checkbox"
                  />
                  trace
                </label>
              </div>
            </div>
            <button
              class="btn btn-primary"
              id="showLog"
              type="button"
            >
              Show log
            </button>
          </div>
        </div>
      </div>
      <div
        class="log-right-panel col"
      >
        <div
          class="card"
        >
          <label
            class="label-card-title form-label"
          >
            Logs
          </label>
          <div
            class="card-body card-body"
          >
            <div
              class="row mb-3"
            >
              <label
                class="col-sm-1 col-form-label"
                for="filterText"
              >
                Filter
              </label>
              <div
                class="col-sm-11"
              >
                <input
                  class="oi-form-input form-control"
                  id="filterText"
                  placeholder="message contains..."
                  type="text"
                  value=""
                />
              </div>
            </div>
            <div
              class="table-responsive"
            >
              <table
                class="table table-small table-bordered table-hover"
              >
                <tbody>
                  <tr
                    class="oi-log text-success"
                  >
                    <td
                      style="width: 120px;"
                    >
                      Sat, 01 Feb 2020 00:00:00 GMT-Sat, 01 Feb 2020 00:00:00 GMT
                    </td>
                    <td>
                      Source
                    </td>
                    <td>
                      debug
                    </td>
                    <td>
                      Testing debug logs
                    </td>
                  </tr>
                  <tr
                    class="oi-log text-info"
                  >
                    <td
                      style="width: 120px;"
                    >
                      Sat, 01 Feb 2020 00:00:00 GMT-Sat, 01 Feb 2020 00:00:00 GMT
                    </td>
                    <td>
                      Source
                    </td>
                    <td>
                      info
                    </td>
                    <td>
                      Testing info logs
                    </td>
                  </tr>
                  <tr
                    class="oi-log text-warning"
                  >
                    <td
                      style="width: 120px;"
                    >
                      Sat, 01 Feb 2020 00:00:00 GMT-Sat, 01 Feb 2020 00:00:00 GMT
                    </td>
                    <td>
                      Source
                    </td>
                    <td>
                      warning
                    </td>
                    <td>
                      Testing warning logs
                    </td>
                  </tr>
                  <tr
                    class="oi-log text-danger"
                  >
                    <td
                      style="width: 120px;"
                    >
                      Sat, 01 Feb 2020 00:00:00 GMT-Sat, 01 Feb 2020 00:00:00 GMT
                    </td>
                    <td>
                      Source
                    </td>
                    <td>
                      error
                    </td>
                    <td>
                      Testing error logs
                    </td>
                  </tr>
                  <tr
                    class="oi-log text-primary"
                  >
                    <td
                      style="width: 120px;"
                    >
                      Sat, 01 Feb 2020 00:00:00 GMT-Sat, 01 Feb 2020 00:00:00 GMT
                    </td>
                    <td>
                      Source
                    </td>
                    <td>
                      trace
                    </td>
                    <td>
                      Testing trace logs
                    </td>
                  </tr>
                </tbody>
              </table>
            </div>
            <button
              class="btn btn-primary"
              id="showMore"
              type="button"
            >
              Show more...
            </button>
          </div>
        </div>
      </div>
    </div>
  </div>
</div>
`;

exports[`Logs check press Show Logs, success in logs call 2`] = `
<div>
  <div
    class="container-fluid"
  >
    <div
      class="p-3 row"
    >
      <div
        class="log-left-panel col"
      >
        <div
          class="card"
        >
          <label
            class="label-card-title form-label"
          >
            Filters
          </label>
          <div
            class="card-body card-body"
          >
            <div
              class="mb-3"
            >
              <label
                class="form-label"
                for="fromDate"
              >
                From date
              </label>
              <input
                class="oi-form-input form-control"
                id="fromDate"
                max="2020-02-01T00:00"
                placeholder="yyyy-mm-ddThh:mm:ss+hh:mm"
                required=""
                type="datetime-local"
              />
              <small
                class="form-text text-muted"
              >
                default: Current datetime - 24 hours (now - 24 hours)
              </small>
            </div>
            <div
              class="mb-3"
            >
              <label
                class="form-label"
                for="toDate"
              >
                To date
              </label>
              <input
                class="oi-form-input form-control"
                id="toDate"
                max="2020-02-01T00:00"
                placeholder="yyyy-mm-ddThh:mm:ss+hh:mm"
                required=""
                type="datetime-local"
              />
              <small
                class="form-text text-muted"
              >
                default: Current datetime (now)
              </small>
            </div>
            <div
              class="mb-3"
            >
              <label
                class="form-label"
                for="verbosity"
              >
                Verbosity
              </label>
              <div
                class="text-success form-check"
              >
                <label
                  class="form-check-label form-label"
                >
                  <input
                    checked=""
                    class="oi-form-input form-check-input"
                    id="verbosity"
                    type="checkbox"
                  />
                  debug
                </label>
              </div>
              <div
                class="text-info form-check"
              >
                <label
                  class="form-check-label form-label"
                >
                  <input
                    checked=""
                    class="oi-form-input form-check-input"
                    id="verbosity"
                    type="checkbox"
                  />
                  info
                </label>
              </div>
              <div
                class="text-warning form-check"
              >
                <label
                  class="form-check-label form-label"
                >
                  <input
                    checked=""
                    class="oi-form-input form-check-input"
                    id="verbosity"
                    type="checkbox"
                  />
                  warning
                </label>
              </div>
              <div
                class="text-danger form-check"
              >
                <label
                  class="form-check-label form-label"
                >
                  <input
                    checked=""
                    class="oi-form-input form-check-input"
                    id="verbosity"
                    type="checkbox"
                  />
                  error
                </label>
              </div>
              <div
                class="text-primary form-check"
              >
                <label
                  class="form-check-label form-label"
                >
                  <input
                    class="oi-form-input form-check-input"
                    id="verbosity"
                    type="checkbox"
                  />
                  trace
                </label>
              </div>
            </div>
            <button
              class="btn btn-primary"
              id="showLog"
              type="button"
            >
              Show log
            </button>
          </div>
        </div>
      </div>
      <div
        class="log-right-panel col"
      >
        <div
          class="card"
        >
          <label
            class="label-card-title form-label"
          >
            Logs
          </label>
          <div
            class="card-body card-body"
          >
            <div
              class="row mb-3"
            >
              <label
                class="col-sm-1 col-form-label"
                for="filterText"
              >
                Filter
              </label>
              <div
                class="col-sm-11"
              >
                <input
                  class="oi-form-input form-control"
                  id="filterText"
                  placeholder="message contains..."
                  type="text"
                  value=""
                />
              </div>
            </div>
            <div
              class="table-responsive"
            >
              <table
                class="table table-small table-bordered table-hover"
              >
                <tbody>
                  <tr
                    class="oi-log text-success"
                  >
                    <td
                      style="width: 120px;"
                    >
                      Sat, 01 Feb 2020 00:00:00 GMT-Sat, 01 Feb 2020 00:00:00 GMT
                    </td>
                    <td>
                      Source
                    </td>
                    <td>
                      debug
                    </td>
                    <td>
                      Testing debug logs
                    </td>
                  </tr>
                  <tr
                    class="oi-log text-info"
                  >
                    <td
                      style="width: 120px;"
                    >
                      Sat, 01 Feb 2020 00:00:00 GMT-Sat, 01 Feb 2020 00:00:00 GMT
                    </td>
                    <td>
                      Source
                    </td>
                    <td>
                      info
                    </td>
                    <td>
                      Testing info logs
                    </td>
                  </tr>
                  <tr
                    class="oi-log text-warning"
                  >
                    <td
                      style="width: 120px;"
                    >
                      Sat, 01 Feb 2020 00:00:00 GMT-Sat, 01 Feb 2020 00:00:00 GMT
                    </td>
                    <td>
                      Source
                    </td>
                    <td>
                      warning
                    </td>
                    <td>
                      Testing warning logs
                    </td>
                  </tr>
                  <tr
                    class="oi-log text-danger"
                  >
                    <td
                      style="width: 120px;"
                    >
                      Sat, 01 Feb 2020 00:00:00 GMT-Sat, 01 Feb 2020 00:00:00 GMT
                    </td>
                    <td>
                      Source
                    </td>
                    <td>
                      error
                    </td>
                    <td>
                      Testing error logs
                    </td>
                  </tr>
                  <tr
                    class="oi-log text-primary"
                  >
                    <td
                      style="width: 120px;"
                    >
                      Sat, 01 Feb 2020 00:00:00 GMT-Sat, 01 Feb 2020 00:00:00 GMT
                    </td>
                    <td>
                      Source
                    </td>
                    <td>
                      trace
                    </td>
                    <td>
                      Testing trace logs
                    </td>
                  </tr>
                </tbody>
              </table>
            </div>
            <button
              class="btn btn-primary"
              id="showMore"
              type="button"
            >
              Show more...
            </button>
          </div>
        </div>
      </div>
    </div>
  </div>
</div>
`;

exports[`Logs check press showMore 1`] = `
<div>
  <div
    class="container-fluid"
  >
    <div
      class="p-3 row"
    >
      <div
        class="log-left-panel col"
      >
        <div
          class="card"
        >
          <label
            class="label-card-title form-label"
          >
            Filters
          </label>
          <div
            class="card-body card-body"
          >
            <div
              class="mb-3"
            >
              <label
                class="form-label"
                for="fromDate"
              >
                From date
              </label>
              <input
                class="oi-form-input form-control"
                id="fromDate"
                max="2020-02-01T00:00"
                placeholder="yyyy-mm-ddThh:mm:ss+hh:mm"
                required=""
                type="datetime-local"
              />
              <small
                class="form-text text-muted"
              >
                default: Current datetime - 24 hours (now - 24 hours)
              </small>
            </div>
            <div
              class="mb-3"
            >
              <label
                class="form-label"
                for="toDate"
              >
                To date
              </label>
              <input
                class="oi-form-input form-control"
                id="toDate"
                max="2020-02-01T00:00"
                placeholder="yyyy-mm-ddThh:mm:ss+hh:mm"
                required=""
                type="datetime-local"
              />
              <small
                class="form-text text-muted"
              >
                default: Current datetime (now)
              </small>
            </div>
            <div
              class="mb-3"
            >
              <label
                class="form-label"
                for="verbosity"
              >
                Verbosity
              </label>
              <div
                class="text-success form-check"
              >
                <label
                  class="form-check-label form-label"
                >
                  <input
                    checked=""
                    class="oi-form-input form-check-input"
                    id="verbosity"
                    type="checkbox"
                  />
                  debug
                </label>
              </div>
              <div
                class="text-info form-check"
              >
                <label
                  class="form-check-label form-label"
                >
                  <input
                    checked=""
                    class="oi-form-input form-check-input"
                    id="verbosity"
                    type="checkbox"
                  />
                  info
                </label>
              </div>
              <div
                class="text-warning form-check"
              >
                <label
                  class="form-check-label form-label"
                >
                  <input
                    checked=""
                    class="oi-form-input form-check-input"
                    id="verbosity"
                    type="checkbox"
                  />
                  warning
                </label>
              </div>
              <div
                class="text-danger form-check"
              >
                <label
                  class="form-check-label form-label"
                >
                  <input
                    checked=""
                    class="oi-form-input form-check-input"
                    id="verbosity"
                    type="checkbox"
                  />
                  error
                </label>
              </div>
              <div
                class="text-primary form-check"
              >
                <label
                  class="form-check-label form-label"
                >
                  <input
                    class="oi-form-input form-check-input"
                    id="verbosity"
                    type="checkbox"
                  />
                  trace
                </label>
              </div>
            </div>
            <button
              class="btn btn-primary"
              id="showLog"
              type="button"
            >
              Show log
            </button>
          </div>
        </div>
      </div>
      <div
        class="log-right-panel col"
      >
        <div
          class="card"
        >
          <label
            class="label-card-title form-label"
          >
            Logs
          </label>
          <div
            class="card-body card-body"
          >
            <div
              class="row mb-3"
            >
              <label
                class="col-sm-1 col-form-label"
                for="filterText"
              >
                Filter
              </label>
              <div
                class="col-sm-11"
              >
                <input
                  class="oi-form-input form-control"
                  id="filterText"
                  placeholder="message contains..."
                  type="text"
                  value=""
                />
              </div>
            </div>
            <div
              class="table-responsive"
            >
              <table
                class="table table-small table-bordered table-hover"
              >
                <tbody>
                  <tr
                    class="oi-log text-primary"
                  >
                    <td
                      style="width: 120px;"
                    >
                      Sat, 01 Feb 2020 00:00:00 GMT-Sat, 01 Feb 2020 00:00:00 GMT
                    </td>
                    <td>
                      Source
                    </td>
                    <td>
                      trace
                    </td>
                    <td>
                      Testing trace logs on page 2
                    </td>
                  </tr>
                  <tr
                    class="oi-log text-primary"
                  >
                    <td
                      style="width: 120px;"
                    >
                      Sat, 01 Feb 2020 00:00:00 GMT-Sat, 01 Feb 2020 00:00:00 GMT
                    </td>
                    <td>
                      Source
                    </td>
                    <td>
                      trace
                    </td>
                    <td>
                      Testing trace logs
                    </td>
                  </tr>
                  <tr
                    class="oi-log text-success"
                  >
                    <td
                      style="width: 120px;"
                    >
                      Sat, 01 Feb 2020 00:00:00 GMT-Sat, 01 Feb 2020 00:00:00 GMT
                    </td>
                    <td>
                      Source
                    </td>
                    <td>
                      debug
                    </td>
                    <td>
                      Testing debug logs
                    </td>
                  </tr>
                  <tr
                    class="oi-log text-info"
                  >
                    <td
                      style="width: 120px;"
                    >
                      Sat, 01 Feb 2020 00:00:00 GMT-Sat, 01 Feb 2020 00:00:00 GMT
                    </td>
                    <td>
                      Source
                    </td>
                    <td>
                      info
                    </td>
                    <td>
                      Testing info logs
                    </td>
                  </tr>
                  <tr
                    class="oi-log text-warning"
                  >
                    <td
                      style="width: 120px;"
                    >
                      Sat, 01 Feb 2020 00:00:00 GMT-Sat, 01 Feb 2020 00:00:00 GMT
                    </td>
                    <td>
                      Source
                    </td>
                    <td>
                      warning
                    </td>
                    <td>
                      Testing warning logs
                    </td>
                  </tr>
                </tbody>
              </table>
            </div>
            <button
              class="btn btn-primary"
              id="showMore"
              type="button"
            >
              Show more...
            </button>
          </div>
        </div>
      </div>
    </div>
  </div>
</div>
`;
