// Jest Snapshot v1, https://goo.gl/fbAQLP

exports[`FileLogging check FileLogging 1`] = `
<div>
  <div>
    <h6>
      File
    </h6>
    <div
      class="row"
    >
      <div
        class="col-md-3"
      >
        <div
          class="form-group"
        >
          <label
            class=""
            for="engine.logParameters.fileLog.level"
          >
            Level
          </label>
          <select
            aria-invalid="false"
            class="oi-form-input form-control"
            id="engine.logParameters.fileLog.level"
            name="engine.logParameters.fileLog.level"
          >
            <option
              value="silly"
            >
              silly
            </option>
            <option
              value="debug"
            >
              debug
            </option>
            <option
              value="info"
            >
              info
            </option>
            <option
              value="warning"
            >
              warning
            </option>
            <option
              value="error"
            >
              error
            </option>
            <option
              value="none"
            >
              none
            </option>
          </select>
          <div
            class="invalid-feedback"
          />
          <small
            class="form-text text-muted"
          >
            <div>
              The level for the file log
            </div>
          </small>
        </div>
      </div>
    </div>
    <div
      class="row"
    >
      <div
        class="col-md-4"
      >
        <div
          class="form-group"
        >
          <label
            class=""
            for="engine.logParameters.fileLog.fileName"
          >
            File name for the log file
          </label>
          <input
            aria-invalid="false"
            class="oi-form-input form-control"
            id="engine.logParameters.fileLog.fileName"
            name="engine.logParameters.fileLog.fileName"
            type="text"
            value="./logs/journal.log"
          />
          <div
            class="invalid-feedback"
          />
          <small
            class="form-text text-muted"
          >
            <div>
              The file name of the log file
            </div>
          </small>
        </div>
      </div>
      <div
        class="col-md-2"
      >
        <div
          class="form-group"
        >
          <label
            class=""
            for="engine.logParameters.fileLog.maxSize"
          >
            File max size
          </label>
          <input
            aria-invalid="false"
            class="oi-form-input form-control"
            id="engine.logParameters.fileLog.maxSize"
            name="engine.logParameters.fileLog.maxSize"
            type="integer"
            value="1000000"
          />
          <div
            class="invalid-feedback"
          />
          <small
            class="form-text text-muted"
          >
            <div>
              Maximum size of the log files (Bytes)
            </div>
          </small>
        </div>
      </div>
      <div
        class="col-md-2"
      >
        <div
          class="form-group"
        >
          <label
            class=""
            for="engine.logParameters.fileLog.numberOfFiles"
          >
            Number of files
          </label>
          <input
            aria-invalid="false"
            class="oi-form-input form-control"
            id="engine.logParameters.fileLog.numberOfFiles"
            name="engine.logParameters.fileLog.numberOfFiles"
            type="integer"
            value="5"
          />
          <div
            class="invalid-feedback"
          />
          <small
            class="form-text text-muted"
          >
            <div>
              The number of log files (rotating)
            </div>
          </small>
        </div>
      </div>
      <div
        class="col-md-3"
      >
        <div
          class="form-check"
        >
          <label
            class="form-check-label"
          >
            Tailable
            <input
              checked=""
              class="oi-form-input checkbox form-check-input"
              id="engine.logParameters.fileLog.tailable"
              name="engine.logParameters.fileLog.tailable"
              type="checkbox"
            />
          </label>
        </div>
      </div>
    </div>
  </div>
</div>
`;

exports[`FileLogging check change file level to "warning" 1`] = `
<div>
  <div>
    <h6>
      File
    </h6>
    <div
      class="row"
    >
      <div
        class="col-md-3"
      >
        <div
          class="form-group"
        >
          <label
            class=""
            for="engine.logParameters.fileLog.level"
          >
            Level
          </label>
          <select
            aria-invalid="false"
            class="oi-form-input form-control"
            id="engine.logParameters.fileLog.level"
            name="engine.logParameters.fileLog.level"
          >
            <option
              value="silly"
            >
              silly
            </option>
            <option
              value="debug"
            >
              debug
            </option>
            <option
              value="info"
            >
              info
            </option>
            <option
              value="warning"
            >
              warning
            </option>
            <option
              value="error"
            >
              error
            </option>
            <option
              value="none"
            >
              none
            </option>
          </select>
          <div
            class="invalid-feedback"
          />
          <small
            class="form-text text-muted"
          >
            <div>
              The level for the file log
            </div>
          </small>
        </div>
      </div>
    </div>
    <div
      class="row"
    >
      <div
        class="col-md-4"
      >
        <div
          class="form-group"
        >
          <label
            class=""
            for="engine.logParameters.fileLog.fileName"
          >
            File name for the log file
          </label>
          <input
            aria-invalid="false"
            class="oi-form-input form-control"
            id="engine.logParameters.fileLog.fileName"
            name="engine.logParameters.fileLog.fileName"
            type="text"
            value="./logs/journal.log"
          />
          <div
            class="invalid-feedback"
          />
          <small
            class="form-text text-muted"
          >
            <div>
              The file name of the log file
            </div>
          </small>
        </div>
      </div>
      <div
        class="col-md-2"
      >
        <div
          class="form-group"
        >
          <label
            class=""
            for="engine.logParameters.fileLog.maxSize"
          >
            File max size
          </label>
          <input
            aria-invalid="false"
            class="oi-form-input form-control"
            id="engine.logParameters.fileLog.maxSize"
            name="engine.logParameters.fileLog.maxSize"
            type="integer"
            value="1000000"
          />
          <div
            class="invalid-feedback"
          />
          <small
            class="form-text text-muted"
          >
            <div>
              Maximum size of the log files (Bytes)
            </div>
          </small>
        </div>
      </div>
      <div
        class="col-md-2"
      >
        <div
          class="form-group"
        >
          <label
            class=""
            for="engine.logParameters.fileLog.numberOfFiles"
          >
            Number of files
          </label>
          <input
            aria-invalid="false"
            class="oi-form-input form-control"
            id="engine.logParameters.fileLog.numberOfFiles"
            name="engine.logParameters.fileLog.numberOfFiles"
            type="integer"
            value="5"
          />
          <div
            class="invalid-feedback"
          />
          <small
            class="form-text text-muted"
          >
            <div>
              The number of log files (rotating)
            </div>
          </small>
        </div>
      </div>
      <div
        class="col-md-3"
      >
        <div
          class="form-check"
        >
          <label
            class="form-check-label"
          >
            Tailable
            <input
              checked=""
              class="oi-form-input checkbox form-check-input"
              id="engine.logParameters.fileLog.tailable"
              name="engine.logParameters.fileLog.tailable"
              type="checkbox"
            />
          </label>
        </div>
      </div>
    </div>
  </div>
</div>
`;

exports[`FileLogging check change file name to "new_filename" 1`] = `
<div>
  <div>
    <h6>
      File
    </h6>
    <div
      class="row"
    >
      <div
        class="col-md-3"
      >
        <div
          class="form-group"
        >
          <label
            class=""
            for="engine.logParameters.fileLog.level"
          >
            Level
          </label>
          <select
            aria-invalid="false"
            class="oi-form-input form-control"
            id="engine.logParameters.fileLog.level"
            name="engine.logParameters.fileLog.level"
          >
            <option
              value="silly"
            >
              silly
            </option>
            <option
              value="debug"
            >
              debug
            </option>
            <option
              value="info"
            >
              info
            </option>
            <option
              value="warning"
            >
              warning
            </option>
            <option
              value="error"
            >
              error
            </option>
            <option
              value="none"
            >
              none
            </option>
          </select>
          <div
            class="invalid-feedback"
          />
          <small
            class="form-text text-muted"
          >
            <div>
              The level for the file log
            </div>
          </small>
        </div>
      </div>
    </div>
    <div
      class="row"
    >
      <div
        class="col-md-4"
      >
        <div
          class="form-group"
        >
          <label
            class=""
            for="engine.logParameters.fileLog.fileName"
          >
            File name for the log file
          </label>
          <input
            aria-invalid="false"
            class="oi-form-input form-control"
            id="engine.logParameters.fileLog.fileName"
            name="engine.logParameters.fileLog.fileName"
            type="text"
            value="./logs/journal.log"
          />
          <div
            class="invalid-feedback"
          />
          <small
            class="form-text text-muted"
          >
            <div>
              The file name of the log file
            </div>
          </small>
        </div>
      </div>
      <div
        class="col-md-2"
      >
        <div
          class="form-group"
        >
          <label
            class=""
            for="engine.logParameters.fileLog.maxSize"
          >
            File max size
          </label>
          <input
            aria-invalid="false"
            class="oi-form-input form-control"
            id="engine.logParameters.fileLog.maxSize"
            name="engine.logParameters.fileLog.maxSize"
            type="integer"
            value="1000000"
          />
          <div
            class="invalid-feedback"
          />
          <small
            class="form-text text-muted"
          >
            <div>
              Maximum size of the log files (Bytes)
            </div>
          </small>
        </div>
      </div>
      <div
        class="col-md-2"
      >
        <div
          class="form-group"
        >
          <label
            class=""
            for="engine.logParameters.fileLog.numberOfFiles"
          >
            Number of files
          </label>
          <input
            aria-invalid="false"
            class="oi-form-input form-control"
            id="engine.logParameters.fileLog.numberOfFiles"
            name="engine.logParameters.fileLog.numberOfFiles"
            type="integer"
            value="5"
          />
          <div
            class="invalid-feedback"
          />
          <small
            class="form-text text-muted"
          >
            <div>
              The number of log files (rotating)
            </div>
          </small>
        </div>
      </div>
      <div
        class="col-md-3"
      >
        <div
          class="form-check"
        >
          <label
            class="form-check-label"
          >
            Tailable
            <input
              checked=""
              class="oi-form-input checkbox form-check-input"
              id="engine.logParameters.fileLog.tailable"
              name="engine.logParameters.fileLog.tailable"
              type="checkbox"
            />
          </label>
        </div>
      </div>
    </div>
  </div>
</div>
`;

exports[`FileLogging check change fileLog maxSize 1000 1`] = `
<div>
  <div>
    <h6>
      File
    </h6>
    <div
      class="row"
    >
      <div
        class="col-md-3"
      >
        <div
          class="form-group"
        >
          <label
            class=""
            for="engine.logParameters.fileLog.level"
          >
            Level
          </label>
          <select
            aria-invalid="false"
            class="oi-form-input form-control"
            id="engine.logParameters.fileLog.level"
            name="engine.logParameters.fileLog.level"
          >
            <option
              value="silly"
            >
              silly
            </option>
            <option
              value="debug"
            >
              debug
            </option>
            <option
              value="info"
            >
              info
            </option>
            <option
              value="warning"
            >
              warning
            </option>
            <option
              value="error"
            >
              error
            </option>
            <option
              value="none"
            >
              none
            </option>
          </select>
          <div
            class="invalid-feedback"
          />
          <small
            class="form-text text-muted"
          >
            <div>
              The level for the file log
            </div>
          </small>
        </div>
      </div>
    </div>
    <div
      class="row"
    >
      <div
        class="col-md-4"
      >
        <div
          class="form-group"
        >
          <label
            class=""
            for="engine.logParameters.fileLog.fileName"
          >
            File name for the log file
          </label>
          <input
            aria-invalid="false"
            class="oi-form-input form-control"
            id="engine.logParameters.fileLog.fileName"
            name="engine.logParameters.fileLog.fileName"
            type="text"
            value="./logs/journal.log"
          />
          <div
            class="invalid-feedback"
          />
          <small
            class="form-text text-muted"
          >
            <div>
              The file name of the log file
            </div>
          </small>
        </div>
      </div>
      <div
        class="col-md-2"
      >
        <div
          class="form-group"
        >
          <label
            class=""
            for="engine.logParameters.fileLog.maxSize"
          >
            File max size
          </label>
          <input
            aria-invalid="false"
            class="oi-form-input form-control"
            id="engine.logParameters.fileLog.maxSize"
            name="engine.logParameters.fileLog.maxSize"
            type="integer"
            value="1000000"
          />
          <div
            class="invalid-feedback"
          />
          <small
            class="form-text text-muted"
          >
            <div>
              Maximum size of the log files (Bytes)
            </div>
          </small>
        </div>
      </div>
      <div
        class="col-md-2"
      >
        <div
          class="form-group"
        >
          <label
            class=""
            for="engine.logParameters.fileLog.numberOfFiles"
          >
            Number of files
          </label>
          <input
            aria-invalid="false"
            class="oi-form-input form-control"
            id="engine.logParameters.fileLog.numberOfFiles"
            name="engine.logParameters.fileLog.numberOfFiles"
            type="integer"
            value="5"
          />
          <div
            class="invalid-feedback"
          />
          <small
            class="form-text text-muted"
          >
            <div>
              The number of log files (rotating)
            </div>
          </small>
        </div>
      </div>
      <div
        class="col-md-3"
      >
        <div
          class="form-check"
        >
          <label
            class="form-check-label"
          >
            Tailable
            <input
              checked=""
              class="oi-form-input checkbox form-check-input"
              id="engine.logParameters.fileLog.tailable"
              name="engine.logParameters.fileLog.tailable"
              type="checkbox"
            />
          </label>
        </div>
      </div>
    </div>
  </div>
</div>
`;

exports[`FileLogging check change fileLog numberOfFiles to 1 1`] = `
<div>
  <div>
    <h6>
      File
    </h6>
    <div
      class="row"
    >
      <div
        class="col-md-3"
      >
        <div
          class="form-group"
        >
          <label
            class=""
            for="engine.logParameters.fileLog.level"
          >
            Level
          </label>
          <select
            aria-invalid="false"
            class="oi-form-input form-control"
            id="engine.logParameters.fileLog.level"
            name="engine.logParameters.fileLog.level"
          >
            <option
              value="silly"
            >
              silly
            </option>
            <option
              value="debug"
            >
              debug
            </option>
            <option
              value="info"
            >
              info
            </option>
            <option
              value="warning"
            >
              warning
            </option>
            <option
              value="error"
            >
              error
            </option>
            <option
              value="none"
            >
              none
            </option>
          </select>
          <div
            class="invalid-feedback"
          />
          <small
            class="form-text text-muted"
          >
            <div>
              The level for the file log
            </div>
          </small>
        </div>
      </div>
    </div>
    <div
      class="row"
    >
      <div
        class="col-md-4"
      >
        <div
          class="form-group"
        >
          <label
            class=""
            for="engine.logParameters.fileLog.fileName"
          >
            File name for the log file
          </label>
          <input
            aria-invalid="false"
            class="oi-form-input form-control"
            id="engine.logParameters.fileLog.fileName"
            name="engine.logParameters.fileLog.fileName"
            type="text"
            value="./logs/journal.log"
          />
          <div
            class="invalid-feedback"
          />
          <small
            class="form-text text-muted"
          >
            <div>
              The file name of the log file
            </div>
          </small>
        </div>
      </div>
      <div
        class="col-md-2"
      >
        <div
          class="form-group"
        >
          <label
            class=""
            for="engine.logParameters.fileLog.maxSize"
          >
            File max size
          </label>
          <input
            aria-invalid="false"
            class="oi-form-input form-control"
            id="engine.logParameters.fileLog.maxSize"
            name="engine.logParameters.fileLog.maxSize"
            type="integer"
            value="1000000"
          />
          <div
            class="invalid-feedback"
          />
          <small
            class="form-text text-muted"
          >
            <div>
              Maximum size of the log files (Bytes)
            </div>
          </small>
        </div>
      </div>
      <div
        class="col-md-2"
      >
        <div
          class="form-group"
        >
          <label
            class=""
            for="engine.logParameters.fileLog.numberOfFiles"
          >
            Number of files
          </label>
          <input
            aria-invalid="false"
            class="oi-form-input form-control"
            id="engine.logParameters.fileLog.numberOfFiles"
            name="engine.logParameters.fileLog.numberOfFiles"
            type="integer"
            value="5"
          />
          <div
            class="invalid-feedback"
          />
          <small
            class="form-text text-muted"
          >
            <div>
              The number of log files (rotating)
            </div>
          </small>
        </div>
      </div>
      <div
        class="col-md-3"
      >
        <div
          class="form-check"
        >
          <label
            class="form-check-label"
          >
            Tailable
            <input
              checked=""
              class="oi-form-input checkbox form-check-input"
              id="engine.logParameters.fileLog.tailable"
              name="engine.logParameters.fileLog.tailable"
              type="checkbox"
            />
          </label>
        </div>
      </div>
    </div>
  </div>
</div>
`;

exports[`FileLogging check change fileLog tailable to false 1`] = `
<div>
  <div>
    <h6>
      File
    </h6>
    <div
      class="row"
    >
      <div
        class="col-md-3"
      >
        <div
          class="form-group"
        >
          <label
            class=""
            for="engine.logParameters.fileLog.level"
          >
            Level
          </label>
          <select
            aria-invalid="false"
            class="oi-form-input form-control"
            id="engine.logParameters.fileLog.level"
            name="engine.logParameters.fileLog.level"
          >
            <option
              value="silly"
            >
              silly
            </option>
            <option
              value="debug"
            >
              debug
            </option>
            <option
              value="info"
            >
              info
            </option>
            <option
              value="warning"
            >
              warning
            </option>
            <option
              value="error"
            >
              error
            </option>
            <option
              value="none"
            >
              none
            </option>
          </select>
          <div
            class="invalid-feedback"
          />
          <small
            class="form-text text-muted"
          >
            <div>
              The level for the file log
            </div>
          </small>
        </div>
      </div>
    </div>
    <div
      class="row"
    >
      <div
        class="col-md-4"
      >
        <div
          class="form-group"
        >
          <label
            class=""
            for="engine.logParameters.fileLog.fileName"
          >
            File name for the log file
          </label>
          <input
            aria-invalid="false"
            class="oi-form-input form-control"
            id="engine.logParameters.fileLog.fileName"
            name="engine.logParameters.fileLog.fileName"
            type="text"
            value="./logs/journal.log"
          />
          <div
            class="invalid-feedback"
          />
          <small
            class="form-text text-muted"
          >
            <div>
              The file name of the log file
            </div>
          </small>
        </div>
      </div>
      <div
        class="col-md-2"
      >
        <div
          class="form-group"
        >
          <label
            class=""
            for="engine.logParameters.fileLog.maxSize"
          >
            File max size
          </label>
          <input
            aria-invalid="false"
            class="oi-form-input form-control"
            id="engine.logParameters.fileLog.maxSize"
            name="engine.logParameters.fileLog.maxSize"
            type="integer"
            value="1000000"
          />
          <div
            class="invalid-feedback"
          />
          <small
            class="form-text text-muted"
          >
            <div>
              Maximum size of the log files (Bytes)
            </div>
          </small>
        </div>
      </div>
      <div
        class="col-md-2"
      >
        <div
          class="form-group"
        >
          <label
            class=""
            for="engine.logParameters.fileLog.numberOfFiles"
          >
            Number of files
          </label>
          <input
            aria-invalid="false"
            class="oi-form-input form-control"
            id="engine.logParameters.fileLog.numberOfFiles"
            name="engine.logParameters.fileLog.numberOfFiles"
            type="integer"
            value="5"
          />
          <div
            class="invalid-feedback"
          />
          <small
            class="form-text text-muted"
          >
            <div>
              The number of log files (rotating)
            </div>
          </small>
        </div>
      </div>
      <div
        class="col-md-3"
      >
        <div
          class="form-check"
        >
          <label
            class="form-check-label"
          >
            Tailable
            <input
              checked=""
              class="oi-form-input checkbox form-check-input"
              id="engine.logParameters.fileLog.tailable"
              name="engine.logParameters.fileLog.tailable"
              type="checkbox"
            />
          </label>
        </div>
      </div>
    </div>
  </div>
</div>
`;
