// Jest Snapshot v1, https://goo.gl/fbAQLP

exports[`LokiLogging check LokiLogging 1`] = `
<div>
  <div>
    <h6>
      Loki
    </h6>
    <div
      class="row"
    >
      <div
        class="col-md-3"
      >
        <div
          class="form-group"
        >
          <label
            class=""
            for="engine.logParameters.lokiLog.level"
          >
            Level
          </label>
          <select
            aria-invalid="false"
            class="oi-form-input form-control"
            id="engine.logParameters.lokiLog.level"
            name="engine.logParameters.lokiLog.level"
          >
            <option
              value="none"
            >
              none
            </option>
            <option
              value="silly"
            >
              silly
            </option>
            <option
              value="debug"
            >
              debug
            </option>
            <option
              value="info"
            >
              info
            </option>
            <option
              value="warning"
            >
              warning
            </option>
            <option
              value="error"
            >
              error
            </option>
          </select>
          <div
            class="invalid-feedback"
          />
          <small
            class="form-text text-muted"
          >
            <div>
              The level for the sqlite log
            </div>
          </small>
        </div>
      </div>
    </div>
    <div
      class="row"
    >
      <div
        class="col-md-4"
      >
        <div
          class="form-group"
        >
          <label
            class=""
            for="engine.logParameters.lokiLog.host"
          >
            Host
          </label>
          <input
            aria-invalid="false"
            class="oi-form-input form-control"
            id="engine.logParameters.lokiLog.host"
            name="engine.logParameters.lokiLog.host"
            type="text"
            value="localhost:3100"
          />
          <div
            class="invalid-feedback"
          />
          <small
            class="form-text text-muted"
          >
            <div>
              The host name of the loki instance
            </div>
          </small>
        </div>
      </div>
      <div
        class="col-md-2"
      >
        <div
          class="form-group"
        >
          <label
            class=""
            for="engine.logParameters.lokiLog.interval"
          >
            Interval
          </label>
          <input
            aria-invalid="true"
            class="oi-form-input is-invalid form-control"
            id="engine.logParameters.lokiLog.interval"
            name="engine.logParameters.lokiLog.interval"
            type="integer"
            value=""
          />
          <div
            class="invalid-feedback"
          >
            Value should not greater than 10
          </div>
          <small
            class="form-text text-muted"
          >
            <div>
              Interval between batch of logs (in s)
            </div>
          </small>
        </div>
      </div>
    </div>
  </div>
</div>
`;

exports[`LokiLogging check change lokiLog host name to "http://test.loki.fr" 1`] = `
<div>
  <div>
    <h6>
      Loki
    </h6>
    <div
      class="row"
    >
      <div
        class="col-md-3"
      >
        <div
          class="form-group"
        >
          <label
            class=""
            for="engine.logParameters.lokiLog.level"
          >
            Level
          </label>
          <select
            aria-invalid="false"
            class="oi-form-input form-control"
            id="engine.logParameters.lokiLog.level"
            name="engine.logParameters.lokiLog.level"
          >
            <option
              value="none"
            >
              none
            </option>
            <option
              value="silly"
            >
              silly
            </option>
            <option
              value="debug"
            >
              debug
            </option>
            <option
              value="info"
            >
              info
            </option>
            <option
              value="warning"
            >
              warning
            </option>
            <option
              value="error"
            >
              error
            </option>
          </select>
          <div
            class="invalid-feedback"
          />
          <small
            class="form-text text-muted"
          >
            <div>
              The level for the sqlite log
            </div>
          </small>
        </div>
      </div>
    </div>
    <div
      class="row"
    >
      <div
        class="col-md-4"
      >
        <div
          class="form-group"
        >
          <label
            class=""
            for="engine.logParameters.lokiLog.host"
          >
            Host
          </label>
          <input
            aria-invalid="false"
            class="oi-form-input form-control"
            id="engine.logParameters.lokiLog.host"
            name="engine.logParameters.lokiLog.host"
            type="text"
            value="localhost:3100"
          />
          <div
            class="invalid-feedback"
          />
          <small
            class="form-text text-muted"
          >
            <div>
              The host name of the loki instance
            </div>
          </small>
        </div>
      </div>
      <div
        class="col-md-2"
      >
        <div
          class="form-group"
        >
          <label
            class=""
            for="engine.logParameters.lokiLog.interval"
          >
            Interval
          </label>
          <input
            aria-invalid="true"
            class="oi-form-input is-invalid form-control"
            id="engine.logParameters.lokiLog.interval"
            name="engine.logParameters.lokiLog.interval"
            type="integer"
            value=""
          />
          <div
            class="invalid-feedback"
          >
            Value should not greater than 10
          </div>
          <small
            class="form-text text-muted"
          >
            <div>
              Interval between batch of logs (in s)
            </div>
          </small>
        </div>
      </div>
    </div>
  </div>
</div>
`;

exports[`LokiLogging check change lokiLog interval to 10 1`] = `
<div>
  <div>
    <h6>
      Loki
    </h6>
    <div
      class="row"
    >
      <div
        class="col-md-3"
      >
        <div
          class="form-group"
        >
          <label
            class=""
            for="engine.logParameters.lokiLog.level"
          >
            Level
          </label>
          <select
            aria-invalid="false"
            class="oi-form-input form-control"
            id="engine.logParameters.lokiLog.level"
            name="engine.logParameters.lokiLog.level"
          >
            <option
              value="none"
            >
              none
            </option>
            <option
              value="silly"
            >
              silly
            </option>
            <option
              value="debug"
            >
              debug
            </option>
            <option
              value="info"
            >
              info
            </option>
            <option
              value="warning"
            >
              warning
            </option>
            <option
              value="error"
            >
              error
            </option>
          </select>
          <div
            class="invalid-feedback"
          />
          <small
            class="form-text text-muted"
          >
            <div>
              The level for the sqlite log
            </div>
          </small>
        </div>
      </div>
    </div>
    <div
      class="row"
    >
      <div
        class="col-md-4"
      >
        <div
          class="form-group"
        >
          <label
            class=""
            for="engine.logParameters.lokiLog.host"
          >
            Host
          </label>
          <input
            aria-invalid="false"
            class="oi-form-input form-control"
            id="engine.logParameters.lokiLog.host"
            name="engine.logParameters.lokiLog.host"
            type="text"
            value="localhost:3100"
          />
          <div
            class="invalid-feedback"
          />
          <small
            class="form-text text-muted"
          >
            <div>
              The host name of the loki instance
            </div>
          </small>
        </div>
      </div>
      <div
        class="col-md-2"
      >
        <div
          class="form-group"
        >
          <label
            class=""
            for="engine.logParameters.lokiLog.interval"
          >
            Interval
          </label>
          <input
            aria-invalid="true"
            class="oi-form-input is-invalid form-control"
            id="engine.logParameters.lokiLog.interval"
            name="engine.logParameters.lokiLog.interval"
            type="integer"
            value=""
          />
          <div
            class="invalid-feedback"
          >
            Value should not greater than 10
          </div>
          <small
            class="form-text text-muted"
          >
            <div>
              Interval between batch of logs (in s)
            </div>
          </small>
        </div>
      </div>
    </div>
  </div>
</div>
`;

exports[`LokiLogging check change lokiLog level to "warning" 1`] = `
<div>
  <div>
    <h6>
      Loki
    </h6>
    <div
      class="row"
    >
      <div
        class="col-md-3"
      >
        <div
          class="form-group"
        >
          <label
            class=""
            for="engine.logParameters.lokiLog.level"
          >
            Level
          </label>
          <select
            aria-invalid="false"
            class="oi-form-input form-control"
            id="engine.logParameters.lokiLog.level"
            name="engine.logParameters.lokiLog.level"
          >
            <option
              value="none"
            >
              none
            </option>
            <option
              value="silly"
            >
              silly
            </option>
            <option
              value="debug"
            >
              debug
            </option>
            <option
              value="info"
            >
              info
            </option>
            <option
              value="warning"
            >
              warning
            </option>
            <option
              value="error"
            >
              error
            </option>
          </select>
          <div
            class="invalid-feedback"
          />
          <small
            class="form-text text-muted"
          >
            <div>
              The level for the sqlite log
            </div>
          </small>
        </div>
      </div>
    </div>
    <div
      class="row"
    >
      <div
        class="col-md-4"
      >
        <div
          class="form-group"
        >
          <label
            class=""
            for="engine.logParameters.lokiLog.host"
          >
            Host
          </label>
          <input
            aria-invalid="false"
            class="oi-form-input form-control"
            id="engine.logParameters.lokiLog.host"
            name="engine.logParameters.lokiLog.host"
            type="text"
            value="localhost:3100"
          />
          <div
            class="invalid-feedback"
          />
          <small
            class="form-text text-muted"
          >
            <div>
              The host name of the loki instance
            </div>
          </small>
        </div>
      </div>
      <div
        class="col-md-2"
      >
        <div
          class="form-group"
        >
          <label
            class=""
            for="engine.logParameters.lokiLog.interval"
          >
            Interval
          </label>
          <input
            aria-invalid="true"
            class="oi-form-input is-invalid form-control"
            id="engine.logParameters.lokiLog.interval"
            name="engine.logParameters.lokiLog.interval"
            type="integer"
            value=""
          />
          <div
            class="invalid-feedback"
          >
            Value should not greater than 10
          </div>
          <small
            class="form-text text-muted"
          >
            <div>
              Interval between batch of logs (in s)
            </div>
          </small>
        </div>
      </div>
    </div>
  </div>
</div>
`;
