// Jest Snapshot v1, https://goo.gl/fbAQLP

exports[`SqliteLogging check SqliteLogging 1`] = `
<div>
  <div>
    <h6>
      SQLite
    </h6>
    <div
      class="row"
    >
      <div
        class="col-md-3"
      >
        <div
          class="mb-3"
        >
          <label
            class="form-label"
            for="engine.logParameters.sqliteLog.level"
          >
            Level
          </label>
          <select
            aria-invalid="false"
            class="oi-form-input form-select"
            id="engine.logParameters.sqliteLog.level"
            name="engine.logParameters.sqliteLog.level"
          >
            <option
              value="trace"
            >
              trace
            </option>
            <option
              value="debug"
            >
              debug
            </option>
            <option
              value="info"
            >
              info
            </option>
            <option
              value="warning"
            >
              warning
            </option>
            <option
              value="error"
            >
              error
            </option>
            <option
              value="none"
            >
              none
            </option>
          </select>
          <div
            class="invalid-feedback"
          />
          <small
            class="form-text text-muted"
          >
            <div>
              The level for the Sqlite log
            </div>
          </small>
        </div>
      </div>
    </div>
    <div
      class="row"
    >
      <div
        class="col-md-2"
      >
        <div
          class="mb-3"
        >
          <label
            class="form-label"
            for="engine.logParameters.sqliteLog.maxNumberOfLogs"
          >
            Database max size
          </label>
          <input
            aria-invalid="true"
            class="oi-form-input is-invalid form-control"
            id="engine.logParameters.sqliteLog.maxNumberOfLogs"
            name="engine.logParameters.sqliteLog.maxNumberOfLogs"
            type="integer"
            value=""
          />
          <div
            class="invalid-feedback"
          >
            Value must be greater than 10000
          </div>
          <small
            class="form-text text-muted"
          >
            <div>
              Max size of the sqlite database (Byte)
            </div>
          </small>
        </div>
      </div>
    </div>
  </div>
</div>
`;

exports[`SqliteLogging check change sqliteLevel to "warning" 1`] = `
<div>
  <div>
    <h6>
      SQLite
    </h6>
    <div
      class="row"
    >
      <div
        class="col-md-3"
      >
        <div
          class="mb-3"
        >
          <label
            class="form-label"
            for="engine.logParameters.sqliteLog.level"
          >
            Level
          </label>
          <select
            aria-invalid="false"
            class="oi-form-input form-select"
            id="engine.logParameters.sqliteLog.level"
            name="engine.logParameters.sqliteLog.level"
          >
            <option
              value="trace"
            >
              trace
            </option>
            <option
              value="debug"
            >
              debug
            </option>
            <option
              value="info"
            >
              info
            </option>
            <option
              value="warning"
            >
              warning
            </option>
            <option
              value="error"
            >
              error
            </option>
            <option
              value="none"
            >
              none
            </option>
          </select>
          <div
            class="invalid-feedback"
          />
          <small
            class="form-text text-muted"
          >
            <div>
              The level for the Sqlite log
            </div>
          </small>
        </div>
      </div>
    </div>
    <div
      class="row"
    >
      <div
        class="col-md-2"
      >
        <div
          class="mb-3"
        >
          <label
            class="form-label"
            for="engine.logParameters.sqliteLog.maxNumberOfLogs"
          >
            Database max size
          </label>
          <input
            aria-invalid="true"
            class="oi-form-input is-invalid form-control"
            id="engine.logParameters.sqliteLog.maxNumberOfLogs"
            name="engine.logParameters.sqliteLog.maxNumberOfLogs"
            type="integer"
            value=""
          />
          <div
            class="invalid-feedback"
          >
            Value must be greater than 10000
          </div>
          <small
            class="form-text text-muted"
          >
            <div>
              Max size of the sqlite database (Byte)
            </div>
          </small>
        </div>
      </div>
    </div>
  </div>
</div>
`;

exports[`SqliteLogging check change sqliteLog maxNumberOfLogs to 10000000 1`] = `
<div>
  <div>
    <h6>
      SQLite
    </h6>
    <div
      class="row"
    >
      <div
        class="col-md-3"
      >
        <div
          class="mb-3"
        >
          <label
            class="form-label"
            for="engine.logParameters.sqliteLog.level"
          >
            Level
          </label>
          <select
            aria-invalid="false"
            class="oi-form-input form-select"
            id="engine.logParameters.sqliteLog.level"
            name="engine.logParameters.sqliteLog.level"
          >
            <option
              value="trace"
            >
              trace
            </option>
            <option
              value="debug"
            >
              debug
            </option>
            <option
              value="info"
            >
              info
            </option>
            <option
              value="warning"
            >
              warning
            </option>
            <option
              value="error"
            >
              error
            </option>
            <option
              value="none"
            >
              none
            </option>
          </select>
          <div
            class="invalid-feedback"
          />
          <small
            class="form-text text-muted"
          >
            <div>
              The level for the Sqlite log
            </div>
          </small>
        </div>
      </div>
    </div>
    <div
      class="row"
    >
      <div
        class="col-md-2"
      >
        <div
          class="mb-3"
        >
          <label
            class="form-label"
            for="engine.logParameters.sqliteLog.maxNumberOfLogs"
          >
            Database max size
          </label>
          <input
            aria-invalid="true"
            class="oi-form-input is-invalid form-control"
            id="engine.logParameters.sqliteLog.maxNumberOfLogs"
            name="engine.logParameters.sqliteLog.maxNumberOfLogs"
            type="integer"
            value=""
          />
          <div
            class="invalid-feedback"
          >
            Value must be greater than 10000
          </div>
          <small
            class="form-text text-muted"
          >
            <div>
              Max size of the sqlite database (Byte)
            </div>
          </small>
        </div>
      </div>
    </div>
  </div>
</div>
`;
