// Jest Snapshot v1, https://goo.gl/fbAQLP

exports[`Logs check Logs 1`] = `
<div>
  <div
    class="container-fluid"
  >
    <div
      class="p-2 row"
    >
      <div
        class="row"
      >
        <h5>
          Logs
        </h5>
      </div>
      <div
        class="container-fluid"
      />
      <div
        class="card"
      >
        <div
          class="card-body card-body"
        >
          <div
            class="row"
          >
            <div
              class="col-sm-auto col"
            >
              <div
                class="row"
              >
                <div
                  class="col-sm-auto col"
                >
                  <div
                    class="mb-3"
                  >
                    <div
                      class="align-items-sm-baseline row"
                    >
                      <div
                        class="col-sm-auto col"
                      >
                        <label
                          class="form-label"
                          for="startDate"
                        >
                          From
                        </label>
                      </div>
                      <div
                        class="col-sm-auto col"
                      >
                        <input
                          class="oi-form-input form-control"
                          id="startDate"
                          placeholder="yyyy-mm-ddThh:mm:ss+hh:mm"
                          required=""
                          type="date"
                          value="Invalid DateTime"
                        />
                      </div>
                      <div
                        class="col-sm-auto col"
                      >
                        <input
                          class="oi-form-input form-control"
                          id="startTime"
                          placeholder="yyyy-mm-ddThh:mm:ss+hh:mm"
                          required=""
                          type="time"
                          value="Invalid DateTime"
                        />
                      </div>
                      <div
                        class="invalid-feedback"
                      />
                    </div>
                    <div
                      class="row"
                    >
                      <small
                        class="form-text text-muted"
                      >
                        default: now - 24 hours
                      </small>
                    </div>
                  </div>
                </div>
                <div
                  class="col-sm-auto col"
                >
                  <div
                    class="mb-3"
                  >
                    <div
                      class="align-items-sm-baseline row"
                    >
                      <div
                        class="col-sm-auto col"
                      >
                        <label
                          class="form-label"
                          for="endDate"
                        >
                          To
                        </label>
                      </div>
                      <div
                        class="col-sm-auto col"
                      >
                        <input
                          class="oi-form-input form-control"
                          id="endDate"
                          placeholder="yyyy-mm-ddThh:mm:ss+hh:mm"
                          required=""
                          type="date"
                          value=""
                        />
                      </div>
                      <div
                        class="col-sm-auto col"
                      >
                        <input
                          class="oi-form-input form-control"
                          id="endTime"
                          placeholder="yyyy-mm-ddThh:mm:ss+hh:mm"
                          required=""
                          type="time"
                          value=""
                        />
                      </div>
                      <div
                        class="invalid-feedback"
                      />
                    </div>
                    <div
                      class="row"
                    >
                      <small
                        class="form-text text-muted"
                      >
                        default: now
                      </small>
                    </div>
                  </div>
                </div>
              </div>
            </div>
            <div
              class="col"
            >
              <div
                class="align-items-sm-baseline row"
              >
                <label
                  class="col-sm-auto form-label"
                  for="filterText"
                >
                  Text Filter
                </label>
                <div
                  class="col"
                >
                  <input
                    class="oi-form-input form-control"
                    id="filterText"
                    placeholder="message contains..."
                    type="text"
                    value=""
                  />
                </div>
                <label
                  class="col-sm-auto form-label"
                  for="scope"
                >
                  Scope Filter
                </label>
                <div
                  class="col"
                >
                  <input
                    class="oi-form-input form-control"
                    id="scope"
                    placeholder="scope contains..."
                    type="text"
                    value=""
                  />
                </div>
              </div>
            </div>
          </div>
          <div
            class="row"
          >
            <div
              class="col-sm-auto col"
            >
              <label
                class="form-label"
                for="verbosity"
              >
                Verbosity
              </label>
            </div>
            <div
              class="col-sm-auto col"
            >
              <div
                class="text-danger form-check"
              >
                <label
                  class="form-label"
                >
                  <input
                    checked=""
                    class="oi-form-input form-check-input"
                    id="verbosity"
                    type="checkbox"
                  />
                  error
                </label>
              </div>
            </div>
            <div
              class="col-sm-auto col"
            >
              <div
                class="text-warning form-check"
              >
                <label
                  class="form-label"
                >
                  <input
                    checked=""
                    class="oi-form-input form-check-input"
                    id="verbosity"
                    type="checkbox"
                  />
                  warn
                </label>
              </div>
            </div>
            <div
              class="col-sm-auto col"
            >
              <div
                class="text-success form-check"
              >
                <label
                  class="form-label"
                >
                  <input
                    checked=""
                    class="oi-form-input form-check-input"
                    id="verbosity"
                    type="checkbox"
                  />
                  info
                </label>
              </div>
            </div>
            <div
              class="col-sm-auto col"
            >
              <div
                class="text-info form-check"
              >
                <label
                  class="form-label"
                >
                  <input
                    checked=""
                    class="oi-form-input form-check-input"
                    id="verbosity"
                    type="checkbox"
                  />
                  debug
                </label>
              </div>
            </div>
            <div
              class="col-sm-auto col"
            >
              <div
                class="text-primary form-check"
              >
                <label
                  class="form-label"
                >
                  <input
                    checked=""
                    class="oi-form-input form-check-input"
                    id="verbosity"
                    type="checkbox"
                  />
                  trace
                </label>
              </div>
            </div>
          </div>
        </div>
      </div>
    </div>
    <div
      class="row"
    >
      <div
        class="d-flex justify-content-end col"
      >
        <nav
          aria-label="pagination"
          class=""
        >
          <ul
            class="pagination"
          >
            <li
              class="page-item"
            >
              <button
                aria-label="First"
                class="pagination-cell page-link"
              >
                <span
                  aria-hidden="true"
                >
                  «
                </span>
                <span
                  class="visually-hidden"
                >
                  First
                </span>
              </button>
            </li>
            <li
              class="page-item"
            >
              <button
                aria-label="Previous"
                class="pagination-cell page-link"
              >
                <span
                  aria-hidden="true"
                >
                  ‹
                </span>
                <span
                  class="visually-hidden"
                >
                  Previous
                </span>
              </button>
            </li>
            <li
              class="page-item"
            >
              <button
                aria-label="Next"
                class="pagination-cell page-link"
              >
                <span
                  aria-hidden="true"
                >
                  ›
                </span>
                <span
                  class="visually-hidden"
                >
                  Next
                </span>
              </button>
            </li>
            <li
              class="page-item"
            >
              <button
                aria-label="Last"
                class="pagination-cell page-link"
              >
                <span
                  aria-hidden="true"
                >
                  »
                </span>
                <span
                  class="visually-hidden"
                >
                  Last
                </span>
              </button>
            </li>
          </ul>
        </nav>
      </div>
    </div>
    <div
      class="p-2 row"
    />
  </div>
</div>
`;

exports[`Logs check change filterText 1`] = `
<div>
  <div
    class="container-fluid"
  >
    <div
      class="p-2 row"
    >
      <div
        class="row"
      >
        <h5>
          Logs
        </h5>
      </div>
      <div
        class="container-fluid"
      />
      <div
        class="card"
      >
        <div
          class="card-body card-body"
        >
          <div
            class="row"
          >
            <div
              class="col-sm-auto col"
            >
              <div
                class="row"
              >
                <div
                  class="col-sm-auto col"
                >
                  <div
                    class="mb-3"
                  >
                    <div
                      class="align-items-sm-baseline row"
                    >
                      <div
                        class="col-sm-auto col"
                      >
                        <label
                          class="form-label"
                          for="startDate"
                        >
                          From
                        </label>
                      </div>
                      <div
                        class="col-sm-auto col"
                      >
                        <input
                          class="oi-form-input form-control"
                          id="startDate"
                          placeholder="yyyy-mm-ddThh:mm:ss+hh:mm"
                          required=""
                          type="date"
                          value="Invalid DateTime"
                        />
                      </div>
                      <div
                        class="col-sm-auto col"
                      >
                        <input
                          class="oi-form-input form-control"
                          id="startTime"
                          placeholder="yyyy-mm-ddThh:mm:ss+hh:mm"
                          required=""
                          type="time"
                          value="Invalid DateTime"
                        />
                      </div>
                      <div
                        class="invalid-feedback"
                      />
                    </div>
                    <div
                      class="row"
                    >
                      <small
                        class="form-text text-muted"
                      >
                        default: now - 24 hours
                      </small>
                    </div>
                  </div>
                </div>
                <div
                  class="col-sm-auto col"
                >
                  <div
                    class="mb-3"
                  >
                    <div
                      class="align-items-sm-baseline row"
                    >
                      <div
                        class="col-sm-auto col"
                      >
                        <label
                          class="form-label"
                          for="endDate"
                        >
                          To
                        </label>
                      </div>
                      <div
                        class="col-sm-auto col"
                      >
                        <input
                          class="oi-form-input form-control"
                          id="endDate"
                          placeholder="yyyy-mm-ddThh:mm:ss+hh:mm"
                          required=""
                          type="date"
                          value=""
                        />
                      </div>
                      <div
                        class="col-sm-auto col"
                      >
                        <input
                          class="oi-form-input form-control"
                          id="endTime"
                          placeholder="yyyy-mm-ddThh:mm:ss+hh:mm"
                          required=""
                          type="time"
                          value=""
                        />
                      </div>
                      <div
                        class="invalid-feedback"
                      />
                    </div>
                    <div
                      class="row"
                    >
                      <small
                        class="form-text text-muted"
                      >
                        default: now
                      </small>
                    </div>
                  </div>
                </div>
              </div>
            </div>
            <div
              class="col"
            >
              <div
                class="align-items-sm-baseline row"
              >
                <label
                  class="col-sm-auto form-label"
                  for="filterText"
                >
                  Text Filter
                </label>
                <div
                  class="col"
                >
                  <input
                    class="oi-form-input form-control"
                    id="filterText"
                    placeholder="message contains..."
                    type="text"
                    value="debug"
                  />
                </div>
                <label
                  class="col-sm-auto form-label"
                  for="scope"
                >
                  Scope Filter
                </label>
                <div
                  class="col"
                >
                  <input
                    class="oi-form-input form-control"
                    id="scope"
                    placeholder="scope contains..."
                    type="text"
                    value=""
                  />
                </div>
              </div>
            </div>
          </div>
          <div
            class="row"
          >
            <div
              class="col-sm-auto col"
            >
              <label
                class="form-label"
                for="verbosity"
              >
                Verbosity
              </label>
            </div>
            <div
              class="col-sm-auto col"
            >
              <div
                class="text-danger form-check"
              >
                <label
                  class="form-label"
                >
                  <input
                    checked=""
                    class="oi-form-input form-check-input"
                    id="verbosity"
                    type="checkbox"
                  />
                  error
                </label>
              </div>
            </div>
            <div
              class="col-sm-auto col"
            >
              <div
                class="text-warning form-check"
              >
                <label
                  class="form-label"
                >
                  <input
                    checked=""
                    class="oi-form-input form-check-input"
                    id="verbosity"
                    type="checkbox"
                  />
                  warn
                </label>
              </div>
            </div>
            <div
              class="col-sm-auto col"
            >
              <div
                class="text-success form-check"
              >
                <label
                  class="form-label"
                >
                  <input
                    checked=""
                    class="oi-form-input form-check-input"
                    id="verbosity"
                    type="checkbox"
                  />
                  info
                </label>
              </div>
            </div>
            <div
              class="col-sm-auto col"
            >
              <div
                class="text-info form-check"
              >
                <label
                  class="form-label"
                >
                  <input
                    checked=""
                    class="oi-form-input form-check-input"
                    id="verbosity"
                    type="checkbox"
                  />
                  debug
                </label>
              </div>
            </div>
            <div
              class="col-sm-auto col"
            >
              <div
                class="text-primary form-check"
              >
                <label
                  class="form-label"
                >
                  <input
                    checked=""
                    class="oi-form-input form-check-input"
                    id="verbosity"
                    type="checkbox"
                  />
                  trace
                </label>
              </div>
            </div>
          </div>
        </div>
      </div>
    </div>
    <div
      class="row"
    >
      <div
        class="d-flex justify-content-end col"
      >
        <nav
          aria-label="pagination"
          class=""
        >
          <ul
            class="pagination"
          >
            <li
              class="page-item"
            >
              <button
                aria-label="First"
                class="pagination-cell page-link"
              >
                <span
                  aria-hidden="true"
                >
                  «
                </span>
                <span
                  class="visually-hidden"
                >
                  First
                </span>
              </button>
            </li>
            <li
              class="page-item"
            >
              <button
                aria-label="Previous"
                class="pagination-cell page-link"
              >
                <span
                  aria-hidden="true"
                >
                  ‹
                </span>
                <span
                  class="visually-hidden"
                >
                  Previous
                </span>
              </button>
            </li>
            <li
              class="page-item"
            >
              <button
                aria-label="Next"
                class="pagination-cell page-link"
              >
                <span
                  aria-hidden="true"
                >
                  ›
                </span>
                <span
                  class="visually-hidden"
                >
                  Next
                </span>
              </button>
            </li>
            <li
              class="page-item"
            >
              <button
                aria-label="Last"
                class="pagination-cell page-link"
              >
                <span
                  aria-hidden="true"
                >
                  »
                </span>
                <span
                  class="visually-hidden"
                >
                  Last
                </span>
              </button>
            </li>
          </ul>
        </nav>
      </div>
    </div>
    <div
      class="p-2 row"
    />
  </div>
</div>
`;

exports[`Logs check change fromDate 1`] = `
<div>
  <div
    class="container-fluid"
  >
    <div
      class="p-2 row"
    >
      <div
        class="row"
      >
        <h5>
          Logs
        </h5>
      </div>
      <div
        class="container-fluid"
      />
      <div
        class="card"
      >
        <div
          class="card-body card-body"
        >
          <div
            class="row"
          >
            <div
              class="col-sm-auto col"
            >
              <div
                class="row"
              >
                <div
                  class="col-sm-auto col"
                >
                  <div
                    class="mb-3"
                  >
                    <div
                      class="align-items-sm-baseline row"
                    >
                      <div
                        class="col-sm-auto col"
                      >
                        <label
                          class="form-label"
                          for="startDate"
                        >
                          From
                        </label>
                      </div>
                      <div
                        class="col-sm-auto col"
                      >
                        <input
                          class="oi-form-input form-control"
                          id="startDate"
                          placeholder="yyyy-mm-ddThh:mm:ss+hh:mm"
                          required=""
                          type="date"
                          value="Invalid DateTime"
                        />
                      </div>
                      <div
                        class="col-sm-auto col"
                      >
                        <input
                          class="oi-form-input form-control"
                          id="startTime"
                          placeholder="yyyy-mm-ddThh:mm:ss+hh:mm"
                          required=""
                          type="time"
                          value="Invalid DateTime"
                        />
                      </div>
                      <div
                        class="invalid-feedback"
                      />
                    </div>
                    <div
                      class="row"
                    >
                      <small
                        class="form-text text-muted"
                      >
                        default: now - 24 hours
                      </small>
                    </div>
                  </div>
                </div>
                <div
                  class="col-sm-auto col"
                >
                  <div
                    class="mb-3"
                  >
                    <div
                      class="align-items-sm-baseline row"
                    >
                      <div
                        class="col-sm-auto col"
                      >
                        <label
                          class="form-label"
                          for="endDate"
                        >
                          To
                        </label>
                      </div>
                      <div
                        class="col-sm-auto col"
                      >
                        <input
                          class="oi-form-input form-control"
                          id="endDate"
                          placeholder="yyyy-mm-ddThh:mm:ss+hh:mm"
                          required=""
                          type="date"
                          value=""
                        />
                      </div>
                      <div
                        class="col-sm-auto col"
                      >
                        <input
                          class="oi-form-input form-control"
                          id="endTime"
                          placeholder="yyyy-mm-ddThh:mm:ss+hh:mm"
                          required=""
                          type="time"
                          value=""
                        />
                      </div>
                      <div
                        class="invalid-feedback"
                      />
                    </div>
                    <div
                      class="row"
                    >
                      <small
                        class="form-text text-muted"
                      >
                        default: now
                      </small>
                    </div>
                  </div>
                </div>
              </div>
            </div>
            <div
              class="col"
            >
              <div
                class="align-items-sm-baseline row"
              >
                <label
                  class="col-sm-auto form-label"
                  for="filterText"
                >
                  Text Filter
                </label>
                <div
                  class="col"
                >
                  <input
                    class="oi-form-input form-control"
                    id="filterText"
                    placeholder="message contains..."
                    type="text"
                    value=""
                  />
                </div>
                <label
                  class="col-sm-auto form-label"
                  for="scope"
                >
                  Scope Filter
                </label>
                <div
                  class="col"
                >
                  <input
                    class="oi-form-input form-control"
                    id="scope"
                    placeholder="scope contains..."
                    type="text"
                    value=""
                  />
                </div>
              </div>
            </div>
          </div>
          <div
            class="row"
          >
            <div
              class="col-sm-auto col"
            >
              <label
                class="form-label"
                for="verbosity"
              >
                Verbosity
              </label>
            </div>
            <div
              class="col-sm-auto col"
            >
              <div
                class="text-danger form-check"
              >
                <label
                  class="form-label"
                >
                  <input
                    checked=""
                    class="oi-form-input form-check-input"
                    id="verbosity"
                    type="checkbox"
                  />
                  error
                </label>
              </div>
            </div>
            <div
              class="col-sm-auto col"
            >
              <div
                class="text-warning form-check"
              >
                <label
                  class="form-label"
                >
                  <input
                    checked=""
                    class="oi-form-input form-check-input"
                    id="verbosity"
                    type="checkbox"
                  />
                  warn
                </label>
              </div>
            </div>
            <div
              class="col-sm-auto col"
            >
              <div
                class="text-success form-check"
              >
                <label
                  class="form-label"
                >
                  <input
                    checked=""
                    class="oi-form-input form-check-input"
                    id="verbosity"
                    type="checkbox"
                  />
                  info
                </label>
              </div>
            </div>
            <div
              class="col-sm-auto col"
            >
              <div
                class="text-info form-check"
              >
                <label
                  class="form-label"
                >
                  <input
                    checked=""
                    class="oi-form-input form-check-input"
                    id="verbosity"
                    type="checkbox"
                  />
                  debug
                </label>
              </div>
            </div>
            <div
              class="col-sm-auto col"
            >
              <div
                class="text-primary form-check"
              >
                <label
                  class="form-label"
                >
                  <input
                    checked=""
                    class="oi-form-input form-check-input"
                    id="verbosity"
                    type="checkbox"
                  />
                  trace
                </label>
              </div>
            </div>
          </div>
        </div>
      </div>
    </div>
    <div
      class="row"
    >
      <div
        class="d-flex justify-content-end col"
      >
        <nav
          aria-label="pagination"
          class=""
        >
          <ul
            class="pagination"
          >
            <li
              class="page-item"
            >
              <button
                aria-label="First"
                class="pagination-cell page-link"
              >
                <span
                  aria-hidden="true"
                >
                  «
                </span>
                <span
                  class="visually-hidden"
                >
                  First
                </span>
              </button>
            </li>
            <li
              class="page-item"
            >
              <button
                aria-label="Previous"
                class="pagination-cell page-link"
              >
                <span
                  aria-hidden="true"
                >
                  ‹
                </span>
                <span
                  class="visually-hidden"
                >
                  Previous
                </span>
              </button>
            </li>
            <li
              class="page-item"
            >
              <button
                aria-label="Next"
                class="pagination-cell page-link"
              >
                <span
                  aria-hidden="true"
                >
                  ›
                </span>
                <span
                  class="visually-hidden"
                >
                  Next
                </span>
              </button>
            </li>
            <li
              class="page-item"
            >
              <button
                aria-label="Last"
                class="pagination-cell page-link"
              >
                <span
                  aria-hidden="true"
                >
                  »
                </span>
                <span
                  class="visually-hidden"
                >
                  Last
                </span>
              </button>
            </li>
          </ul>
        </nav>
      </div>
    </div>
    <div
      class="p-2 row"
    />
  </div>
</div>
`;

exports[`Logs check change toDate 1`] = `
<div>
  <div
    class="container-fluid"
  >
    <div
      class="p-2 row"
    >
      <div
        class="row"
      >
        <h5>
          Logs
        </h5>
      </div>
      <div
        class="container-fluid"
      />
      <div
        class="card"
      >
        <div
          class="card-body card-body"
        >
          <div
            class="row"
          >
            <div
              class="col-sm-auto col"
            >
              <div
                class="row"
              >
                <div
                  class="col-sm-auto col"
                >
                  <div
                    class="mb-3"
                  >
                    <div
                      class="align-items-sm-baseline row"
                    >
                      <div
                        class="col-sm-auto col"
                      >
                        <label
                          class="form-label"
                          for="startDate"
                        >
                          From
                        </label>
                      </div>
                      <div
                        class="col-sm-auto col"
                      >
                        <input
                          class="oi-form-input form-control"
                          id="startDate"
                          placeholder="yyyy-mm-ddThh:mm:ss+hh:mm"
                          required=""
                          type="date"
                          value="Invalid DateTime"
                        />
                      </div>
                      <div
                        class="col-sm-auto col"
                      >
                        <input
                          class="oi-form-input form-control"
                          id="startTime"
                          placeholder="yyyy-mm-ddThh:mm:ss+hh:mm"
                          required=""
                          type="time"
                          value="Invalid DateTime"
                        />
                      </div>
                      <div
                        class="invalid-feedback"
                      />
                    </div>
                    <div
                      class="row"
                    >
                      <small
                        class="form-text text-muted"
                      >
                        default: now - 24 hours
                      </small>
                    </div>
                  </div>
                </div>
                <div
                  class="col-sm-auto col"
                >
                  <div
                    class="mb-3"
                  >
                    <div
                      class="align-items-sm-baseline row"
                    >
                      <div
                        class="col-sm-auto col"
                      >
                        <label
                          class="form-label"
                          for="endDate"
                        >
                          To
                        </label>
                      </div>
                      <div
                        class="col-sm-auto col"
                      >
                        <input
                          class="oi-form-input form-control"
                          id="endDate"
                          placeholder="yyyy-mm-ddThh:mm:ss+hh:mm"
                          required=""
                          type="date"
                          value="Invalid DateTime"
                        />
                      </div>
                      <div
                        class="col-sm-auto col"
                      >
                        <input
                          class="oi-form-input form-control"
                          id="endTime"
                          placeholder="yyyy-mm-ddThh:mm:ss+hh:mm"
                          required=""
                          type="time"
                          value="Invalid DateTime"
                        />
                      </div>
                      <div
                        class="invalid-feedback"
                      />
                    </div>
                    <div
                      class="row"
                    >
                      <small
                        class="form-text text-muted"
                      >
                        default: now
                      </small>
                    </div>
                  </div>
                </div>
              </div>
            </div>
            <div
              class="col"
            >
              <div
                class="align-items-sm-baseline row"
              >
                <label
                  class="col-sm-auto form-label"
                  for="filterText"
                >
                  Text Filter
                </label>
                <div
                  class="col"
                >
                  <input
                    class="oi-form-input form-control"
                    id="filterText"
                    placeholder="message contains..."
                    type="text"
                    value=""
                  />
                </div>
                <label
                  class="col-sm-auto form-label"
                  for="scope"
                >
                  Scope Filter
                </label>
                <div
                  class="col"
                >
                  <input
                    class="oi-form-input form-control"
                    id="scope"
                    placeholder="scope contains..."
                    type="text"
                    value=""
                  />
                </div>
              </div>
            </div>
          </div>
          <div
            class="row"
          >
            <div
              class="col-sm-auto col"
            >
              <label
                class="form-label"
                for="verbosity"
              >
                Verbosity
              </label>
            </div>
            <div
              class="col-sm-auto col"
            >
              <div
                class="text-danger form-check"
              >
                <label
                  class="form-label"
                >
                  <input
                    checked=""
                    class="oi-form-input form-check-input"
                    id="verbosity"
                    type="checkbox"
                  />
                  error
                </label>
              </div>
            </div>
            <div
              class="col-sm-auto col"
            >
              <div
                class="text-warning form-check"
              >
                <label
                  class="form-label"
                >
                  <input
                    checked=""
                    class="oi-form-input form-check-input"
                    id="verbosity"
                    type="checkbox"
                  />
                  warn
                </label>
              </div>
            </div>
            <div
              class="col-sm-auto col"
            >
              <div
                class="text-success form-check"
              >
                <label
                  class="form-label"
                >
                  <input
                    checked=""
                    class="oi-form-input form-check-input"
                    id="verbosity"
                    type="checkbox"
                  />
                  info
                </label>
              </div>
            </div>
            <div
              class="col-sm-auto col"
            >
              <div
                class="text-info form-check"
              >
                <label
                  class="form-label"
                >
                  <input
                    checked=""
                    class="oi-form-input form-check-input"
                    id="verbosity"
                    type="checkbox"
                  />
                  debug
                </label>
              </div>
            </div>
            <div
              class="col-sm-auto col"
            >
              <div
                class="text-primary form-check"
              >
                <label
                  class="form-label"
                >
                  <input
                    checked=""
                    class="oi-form-input form-check-input"
                    id="verbosity"
                    type="checkbox"
                  />
                  trace
                </label>
              </div>
            </div>
          </div>
        </div>
      </div>
    </div>
    <div
      class="row"
    >
      <div
        class="d-flex justify-content-end col"
      >
        <nav
          aria-label="pagination"
          class=""
        >
          <ul
            class="pagination"
          >
            <li
              class="page-item"
            >
              <button
                aria-label="First"
                class="pagination-cell page-link"
              >
                <span
                  aria-hidden="true"
                >
                  «
                </span>
                <span
                  class="visually-hidden"
                >
                  First
                </span>
              </button>
            </li>
            <li
              class="page-item"
            >
              <button
                aria-label="Previous"
                class="pagination-cell page-link"
              >
                <span
                  aria-hidden="true"
                >
                  ‹
                </span>
                <span
                  class="visually-hidden"
                >
                  Previous
                </span>
              </button>
            </li>
            <li
              class="page-item"
            >
              <button
                aria-label="Next"
                class="pagination-cell page-link"
              >
                <span
                  aria-hidden="true"
                >
                  ›
                </span>
                <span
                  class="visually-hidden"
                >
                  Next
                </span>
              </button>
            </li>
            <li
              class="page-item"
            >
              <button
                aria-label="Last"
                class="pagination-cell page-link"
              >
                <span
                  aria-hidden="true"
                >
                  »
                </span>
                <span
                  class="visually-hidden"
                >
                  Last
                </span>
              </button>
            </li>
          </ul>
        </nav>
      </div>
    </div>
    <div
      class="p-2 row"
    />
  </div>
</div>
`;

exports[`Logs check change verbosity, check trace 1`] = `
<div>
  <div
    class="container-fluid"
  >
    <div
      class="p-2 row"
    >
      <div
        class="row"
      >
        <h5>
          Logs
        </h5>
      </div>
      <div
        class="container-fluid"
      />
      <div
        class="card"
      >
        <div
          class="card-body card-body"
        >
          <div
            class="row"
          >
            <div
              class="col-sm-auto col"
            >
              <div
                class="row"
              >
                <div
                  class="col-sm-auto col"
                >
                  <div
                    class="mb-3"
                  >
                    <div
                      class="align-items-sm-baseline row"
                    >
                      <div
                        class="col-sm-auto col"
                      >
                        <label
                          class="form-label"
                          for="startDate"
                        >
                          From
                        </label>
                      </div>
                      <div
                        class="col-sm-auto col"
                      >
                        <input
                          class="oi-form-input form-control"
                          id="startDate"
                          placeholder="yyyy-mm-ddThh:mm:ss+hh:mm"
                          required=""
                          type="date"
                          value="Invalid DateTime"
                        />
                      </div>
                      <div
                        class="col-sm-auto col"
                      >
                        <input
                          class="oi-form-input form-control"
                          id="startTime"
                          placeholder="yyyy-mm-ddThh:mm:ss+hh:mm"
                          required=""
                          type="time"
                          value="Invalid DateTime"
                        />
                      </div>
                      <div
                        class="invalid-feedback"
                      />
                    </div>
                    <div
                      class="row"
                    >
                      <small
                        class="form-text text-muted"
                      >
                        default: now - 24 hours
                      </small>
                    </div>
                  </div>
                </div>
                <div
                  class="col-sm-auto col"
                >
                  <div
                    class="mb-3"
                  >
                    <div
                      class="align-items-sm-baseline row"
                    >
                      <div
                        class="col-sm-auto col"
                      >
                        <label
                          class="form-label"
                          for="endDate"
                        >
                          To
                        </label>
                      </div>
                      <div
                        class="col-sm-auto col"
                      >
                        <input
                          class="oi-form-input form-control"
                          id="endDate"
                          placeholder="yyyy-mm-ddThh:mm:ss+hh:mm"
                          required=""
                          type="date"
                          value=""
                        />
                      </div>
                      <div
                        class="col-sm-auto col"
                      >
                        <input
                          class="oi-form-input form-control"
                          id="endTime"
                          placeholder="yyyy-mm-ddThh:mm:ss+hh:mm"
                          required=""
                          type="time"
                          value=""
                        />
                      </div>
                      <div
                        class="invalid-feedback"
                      />
                    </div>
                    <div
                      class="row"
                    >
                      <small
                        class="form-text text-muted"
                      >
                        default: now
                      </small>
                    </div>
                  </div>
                </div>
              </div>
            </div>
            <div
              class="col"
            >
              <div
                class="align-items-sm-baseline row"
              >
                <label
                  class="col-sm-auto form-label"
                  for="filterText"
                >
                  Text Filter
                </label>
                <div
                  class="col"
                >
                  <input
                    class="oi-form-input form-control"
                    id="filterText"
                    placeholder="message contains..."
                    type="text"
                    value=""
                  />
                </div>
                <label
                  class="col-sm-auto form-label"
                  for="scope"
                >
                  Scope Filter
                </label>
                <div
                  class="col"
                >
                  <input
                    class="oi-form-input form-control"
                    id="scope"
                    placeholder="scope contains..."
                    type="text"
                    value=""
                  />
                </div>
              </div>
            </div>
          </div>
          <div
            class="row"
          >
            <div
              class="col-sm-auto col"
            >
              <label
                class="form-label"
                for="verbosity"
              >
                Verbosity
              </label>
            </div>
            <div
              class="col-sm-auto col"
            >
              <div
                class="text-danger form-check"
              >
                <label
                  class="form-label"
                >
                  <input
                    checked=""
                    class="oi-form-input form-check-input"
                    id="verbosity"
                    type="checkbox"
                  />
                  error
                </label>
              </div>
            </div>
            <div
              class="col-sm-auto col"
            >
              <div
                class="text-warning form-check"
              >
                <label
                  class="form-label"
                >
                  <input
                    checked=""
                    class="oi-form-input form-check-input"
                    id="verbosity"
                    type="checkbox"
                  />
                  warn
                </label>
              </div>
            </div>
            <div
              class="col-sm-auto col"
            >
              <div
                class="text-success form-check"
              >
                <label
                  class="form-label"
                >
                  <input
                    checked=""
                    class="oi-form-input form-check-input"
                    id="verbosity"
                    type="checkbox"
                  />
                  info
                </label>
              </div>
            </div>
            <div
              class="col-sm-auto col"
            >
              <div
                class="text-info form-check"
              >
                <label
                  class="form-label"
                >
                  <input
                    checked=""
                    class="oi-form-input form-check-input"
                    id="verbosity"
                    type="checkbox"
                  />
                  debug
                </label>
              </div>
            </div>
            <div
              class="col-sm-auto col"
            >
              <div
                class="text-primary form-check"
              >
                <label
                  class="form-label"
                >
                  <input
                    checked=""
                    class="oi-form-input form-check-input"
                    id="verbosity"
                    type="checkbox"
                  />
                  trace
                </label>
              </div>
            </div>
          </div>
        </div>
      </div>
    </div>
    <div
      class="row"
    >
      <div
        class="d-flex justify-content-end col"
      >
        <nav
          aria-label="pagination"
          class=""
        >
          <ul
            class="pagination"
          >
            <li
              class="page-item"
            >
              <button
                aria-label="First"
                class="pagination-cell page-link"
              >
                <span
                  aria-hidden="true"
                >
                  «
                </span>
                <span
                  class="visually-hidden"
                >
                  First
                </span>
              </button>
            </li>
            <li
              class="page-item"
            >
              <button
                aria-label="Previous"
                class="pagination-cell page-link"
              >
                <span
                  aria-hidden="true"
                >
                  ‹
                </span>
                <span
                  class="visually-hidden"
                >
                  Previous
                </span>
              </button>
            </li>
            <li
              class="page-item"
            >
              <button
                aria-label="Next"
                class="pagination-cell page-link"
              >
                <span
                  aria-hidden="true"
                >
                  ›
                </span>
                <span
                  class="visually-hidden"
                >
                  Next
                </span>
              </button>
            </li>
            <li
              class="page-item"
            >
              <button
                aria-label="Last"
                class="pagination-cell page-link"
              >
                <span
                  aria-hidden="true"
                >
                  »
                </span>
                <span
                  class="visually-hidden"
                >
                  Last
                </span>
              </button>
            </li>
          </ul>
        </nav>
      </div>
    </div>
    <div
      class="p-2 row"
    />
  </div>
</div>
`;

exports[`Logs check change verbosity, uncheck error 1`] = `
<div>
  <div
    class="container-fluid"
  >
    <div
      class="p-2 row"
    >
      <div
        class="row"
      >
        <h5>
          Logs
        </h5>
      </div>
      <div
        class="container-fluid"
      />
      <div
        class="card"
      >
        <div
          class="card-body card-body"
        >
          <div
            class="row"
          >
            <div
              class="col-sm-auto col"
            >
              <div
                class="row"
              >
                <div
                  class="col-sm-auto col"
                >
                  <div
                    class="mb-3"
                  >
                    <div
                      class="align-items-sm-baseline row"
                    >
                      <div
                        class="col-sm-auto col"
                      >
                        <label
                          class="form-label"
                          for="startDate"
                        >
                          From
                        </label>
                      </div>
                      <div
                        class="col-sm-auto col"
                      >
                        <input
                          class="oi-form-input form-control"
                          id="startDate"
                          placeholder="yyyy-mm-ddThh:mm:ss+hh:mm"
                          required=""
                          type="date"
                          value="Invalid DateTime"
                        />
                      </div>
                      <div
                        class="col-sm-auto col"
                      >
                        <input
                          class="oi-form-input form-control"
                          id="startTime"
                          placeholder="yyyy-mm-ddThh:mm:ss+hh:mm"
                          required=""
                          type="time"
                          value="Invalid DateTime"
                        />
                      </div>
                      <div
                        class="invalid-feedback"
                      />
                    </div>
                    <div
                      class="row"
                    >
                      <small
                        class="form-text text-muted"
                      >
                        default: now - 24 hours
                      </small>
                    </div>
                  </div>
                </div>
                <div
                  class="col-sm-auto col"
                >
                  <div
                    class="mb-3"
                  >
                    <div
                      class="align-items-sm-baseline row"
                    >
                      <div
                        class="col-sm-auto col"
                      >
                        <label
                          class="form-label"
                          for="endDate"
                        >
                          To
                        </label>
                      </div>
                      <div
                        class="col-sm-auto col"
                      >
                        <input
                          class="oi-form-input form-control"
                          id="endDate"
                          placeholder="yyyy-mm-ddThh:mm:ss+hh:mm"
                          required=""
                          type="date"
                          value=""
                        />
                      </div>
                      <div
                        class="col-sm-auto col"
                      >
                        <input
                          class="oi-form-input form-control"
                          id="endTime"
                          placeholder="yyyy-mm-ddThh:mm:ss+hh:mm"
                          required=""
                          type="time"
                          value=""
                        />
                      </div>
                      <div
                        class="invalid-feedback"
                      />
                    </div>
                    <div
                      class="row"
                    >
                      <small
                        class="form-text text-muted"
                      >
                        default: now
                      </small>
                    </div>
                  </div>
                </div>
              </div>
            </div>
            <div
              class="col"
            >
              <div
                class="align-items-sm-baseline row"
              >
                <label
                  class="col-sm-auto form-label"
                  for="filterText"
                >
                  Text Filter
                </label>
                <div
                  class="col"
                >
                  <input
                    class="oi-form-input form-control"
                    id="filterText"
                    placeholder="message contains..."
                    type="text"
                    value=""
                  />
                </div>
                <label
                  class="col-sm-auto form-label"
                  for="scope"
                >
                  Scope Filter
                </label>
                <div
                  class="col"
                >
                  <input
                    class="oi-form-input form-control"
                    id="scope"
                    placeholder="scope contains..."
                    type="text"
                    value=""
                  />
                </div>
              </div>
            </div>
          </div>
          <div
            class="row"
          >
            <div
              class="col-sm-auto col"
            >
              <label
                class="form-label"
                for="verbosity"
              >
                Verbosity
              </label>
            </div>
            <div
              class="col-sm-auto col"
            >
              <div
                class="text-danger form-check"
              >
                <label
                  class="form-label"
                >
                  <input
                    checked=""
                    class="oi-form-input form-check-input"
                    id="verbosity"
                    type="checkbox"
                  />
                  error
                </label>
              </div>
            </div>
            <div
              class="col-sm-auto col"
            >
              <div
                class="text-warning form-check"
              >
                <label
                  class="form-label"
                >
                  <input
                    checked=""
                    class="oi-form-input form-check-input"
                    id="verbosity"
                    type="checkbox"
                  />
                  warn
                </label>
              </div>
            </div>
            <div
              class="col-sm-auto col"
            >
              <div
                class="text-success form-check"
              >
                <label
                  class="form-label"
                >
                  <input
                    checked=""
                    class="oi-form-input form-check-input"
                    id="verbosity"
                    type="checkbox"
                  />
                  info
                </label>
              </div>
            </div>
            <div
              class="col-sm-auto col"
            >
              <div
                class="text-info form-check"
              >
                <label
                  class="form-label"
                >
                  <input
                    checked=""
                    class="oi-form-input form-check-input"
                    id="verbosity"
                    type="checkbox"
                  />
                  debug
                </label>
              </div>
            </div>
            <div
              class="col-sm-auto col"
            >
              <div
                class="text-primary form-check"
              >
                <label
                  class="form-label"
                >
                  <input
                    checked=""
                    class="oi-form-input form-check-input"
                    id="verbosity"
                    type="checkbox"
                  />
                  trace
                </label>
              </div>
            </div>
          </div>
        </div>
      </div>
    </div>
    <div
      class="row"
    >
      <div
        class="d-flex justify-content-end col"
      >
        <nav
          aria-label="pagination"
          class=""
        >
          <ul
            class="pagination"
          >
            <li
              class="page-item"
            >
              <button
                aria-label="First"
                class="pagination-cell page-link"
              >
                <span
                  aria-hidden="true"
                >
                  «
                </span>
                <span
                  class="visually-hidden"
                >
                  First
                </span>
              </button>
            </li>
            <li
              class="page-item"
            >
              <button
                aria-label="Previous"
                class="pagination-cell page-link"
              >
                <span
                  aria-hidden="true"
                >
                  ‹
                </span>
                <span
                  class="visually-hidden"
                >
                  Previous
                </span>
              </button>
            </li>
            <li
              class="page-item"
            >
              <button
                aria-label="Next"
                class="pagination-cell page-link"
              >
                <span
                  aria-hidden="true"
                >
                  ›
                </span>
                <span
                  class="visually-hidden"
                >
                  Next
                </span>
              </button>
            </li>
            <li
              class="page-item"
            >
              <button
                aria-label="Last"
                class="pagination-cell page-link"
              >
                <span
                  aria-hidden="true"
                >
                  »
                </span>
                <span
                  class="visually-hidden"
                >
                  Last
                </span>
              </button>
            </li>
          </ul>
        </nav>
      </div>
    </div>
    <div
      class="p-2 row"
    />
  </div>
</div>
`;

exports[`Logs check press Show Logs, error in logs call 1`] = `
<div>
  <div
    class="container-fluid"
  >
    <div
      class="p-2 row"
    >
      <div
        class="row"
      >
        <h5>
          Logs
        </h5>
      </div>
      <div
        class="container-fluid"
      />
      <div
        class="card"
      >
        <div
          class="card-body card-body"
        >
          <div
            class="row"
          >
            <div
              class="col-sm-auto col"
            >
              <div
                class="row"
              >
                <div
                  class="col-sm-auto col"
                >
                  <div
                    class="mb-3"
                  >
                    <div
                      class="align-items-sm-baseline row"
                    >
                      <div
                        class="col-sm-auto col"
                      >
                        <label
                          class="form-label"
                          for="startDate"
                        >
                          From
                        </label>
                      </div>
                      <div
                        class="col-sm-auto col"
                      >
                        <input
                          class="oi-form-input form-control"
                          id="startDate"
                          placeholder="yyyy-mm-ddThh:mm:ss+hh:mm"
                          required=""
                          type="date"
                          value="Invalid DateTime"
                        />
                      </div>
                      <div
                        class="col-sm-auto col"
                      >
                        <input
                          class="oi-form-input form-control"
                          id="startTime"
                          placeholder="yyyy-mm-ddThh:mm:ss+hh:mm"
                          required=""
                          type="time"
                          value="Invalid DateTime"
                        />
                      </div>
                      <div
                        class="invalid-feedback"
                      />
                    </div>
                    <div
                      class="row"
                    >
                      <small
                        class="form-text text-muted"
                      >
                        default: now - 24 hours
                      </small>
                    </div>
                  </div>
                </div>
                <div
                  class="col-sm-auto col"
                >
                  <div
                    class="mb-3"
                  >
                    <div
                      class="align-items-sm-baseline row"
                    >
                      <div
                        class="col-sm-auto col"
                      >
                        <label
                          class="form-label"
                          for="endDate"
                        >
                          To
                        </label>
                      </div>
                      <div
                        class="col-sm-auto col"
                      >
                        <input
                          class="oi-form-input form-control"
                          id="endDate"
                          placeholder="yyyy-mm-ddThh:mm:ss+hh:mm"
                          required=""
                          type="date"
                          value=""
                        />
                      </div>
                      <div
                        class="col-sm-auto col"
                      >
                        <input
                          class="oi-form-input form-control"
                          id="endTime"
                          placeholder="yyyy-mm-ddThh:mm:ss+hh:mm"
                          required=""
                          type="time"
                          value=""
                        />
                      </div>
                      <div
                        class="invalid-feedback"
                      />
                    </div>
                    <div
                      class="row"
                    >
                      <small
                        class="form-text text-muted"
                      >
                        default: now
                      </small>
                    </div>
                  </div>
                </div>
              </div>
            </div>
            <div
              class="col"
            >
              <div
                class="align-items-sm-baseline row"
              >
                <label
                  class="col-sm-auto form-label"
                  for="filterText"
                >
                  Text Filter
                </label>
                <div
                  class="col"
                >
                  <input
                    class="oi-form-input form-control"
                    id="filterText"
                    placeholder="message contains..."
                    type="text"
                    value=""
                  />
                </div>
                <label
                  class="col-sm-auto form-label"
                  for="scope"
                >
                  Scope Filter
                </label>
                <div
                  class="col"
                >
                  <input
                    class="oi-form-input form-control"
                    id="scope"
                    placeholder="scope contains..."
                    type="text"
                    value=""
                  />
                </div>
              </div>
            </div>
          </div>
          <div
            class="row"
          >
            <div
              class="col-sm-auto col"
            >
              <label
                class="form-label"
                for="verbosity"
              >
                Verbosity
              </label>
            </div>
            <div
              class="col-sm-auto col"
            >
              <div
                class="text-danger form-check"
              >
                <label
                  class="form-label"
                >
                  <input
                    checked=""
                    class="oi-form-input form-check-input"
                    id="verbosity"
                    type="checkbox"
                  />
                  error
                </label>
              </div>
            </div>
            <div
              class="col-sm-auto col"
            >
              <div
                class="text-warning form-check"
              >
                <label
                  class="form-label"
                >
                  <input
                    checked=""
                    class="oi-form-input form-check-input"
                    id="verbosity"
                    type="checkbox"
                  />
                  warn
                </label>
              </div>
            </div>
            <div
              class="col-sm-auto col"
            >
              <div
                class="text-success form-check"
              >
                <label
                  class="form-label"
                >
                  <input
                    checked=""
                    class="oi-form-input form-check-input"
                    id="verbosity"
                    type="checkbox"
                  />
                  info
                </label>
              </div>
            </div>
            <div
              class="col-sm-auto col"
            >
              <div
                class="text-info form-check"
              >
                <label
                  class="form-label"
                >
                  <input
                    checked=""
                    class="oi-form-input form-check-input"
                    id="verbosity"
                    type="checkbox"
                  />
                  debug
                </label>
              </div>
            </div>
            <div
              class="col-sm-auto col"
            >
              <div
                class="text-primary form-check"
              >
                <label
                  class="form-label"
                >
                  <input
                    checked=""
                    class="oi-form-input form-check-input"
                    id="verbosity"
                    type="checkbox"
                  />
                  trace
                </label>
              </div>
            </div>
          </div>
        </div>
      </div>
    </div>
    <div
      class="row"
    >
      <div
        class="d-flex justify-content-end col"
      >
        <nav
          aria-label="pagination"
          class=""
        >
          <ul
            class="pagination"
          >
            <li
              class="page-item"
            >
              <button
                aria-label="First"
                class="pagination-cell page-link"
              >
                <span
                  aria-hidden="true"
                >
                  «
                </span>
                <span
                  class="visually-hidden"
                >
                  First
                </span>
              </button>
            </li>
            <li
              class="page-item"
            >
              <button
                aria-label="Previous"
                class="pagination-cell page-link"
              >
                <span
                  aria-hidden="true"
                >
                  ‹
                </span>
                <span
                  class="visually-hidden"
                >
                  Previous
                </span>
              </button>
            </li>
            <li
              class="page-item active"
            >
              <button
                class="pagination-cell page-link"
              >
                1
              </button>
            </li>
            <li
              class="page-item"
            >
              <button
                class="pagination-cell page-link"
              >
                2
              </button>
            </li>
            <li
              class="page-item"
            >
              <button
                class="pagination-cell page-link"
              >
                3
              </button>
            </li>
            <li
              class="page-item"
            >
              <button
                class="pagination-cell page-link"
              >
                4
              </button>
            </li>
            <li
              class="page-item"
            >
              <button
                class="pagination-cell page-link"
              >
                5
              </button>
            </li>
            <li
              class="page-item"
            >
              <button
                class="pagination-cell page-link"
              >
                6
              </button>
            </li>
            <li
              class="page-item"
            >
              <button
                class="pagination-cell page-link"
              >
                7
              </button>
            </li>
            <li
              class="page-item"
            >
              <button
                class="pagination-cell page-link"
              >
                8
              </button>
            </li>
            <li
              class="page-item"
            >
              <button
                class="pagination-cell page-link"
              >
                9
              </button>
            </li>
            <li
              class="page-item"
            >
              <button
                class="pagination-cell page-link"
              >
                10
              </button>
            </li>
            <li
              class="page-item"
            >
              <button
                aria-label="Next"
                class="pagination-cell page-link"
              >
                <span
                  aria-hidden="true"
                >
                  ›
                </span>
                <span
                  class="visually-hidden"
                >
                  Next
                </span>
              </button>
            </li>
            <li
              class="page-item"
            >
              <button
                aria-label="Last"
                class="pagination-cell page-link"
              >
                <span
                  aria-hidden="true"
                >
                  »
                </span>
                <span
                  class="visually-hidden"
                >
                  Last
                </span>
              </button>
            </li>
          </ul>
        </nav>
      </div>
    </div>
    <div
      class="p-2 row"
    >
      <div
        class="card"
      >
        <label
          class="label-card-title form-label"
        >
          Logs
        </label>
        <div
          class="card-body card-body"
        >
          <div
            class="table-responsive"
          >
            <table
              class="table table-small table-bordered table-hover"
            >
              <thead>
                <tr>
                  <td>
                    Date
                  </td>
                  <td>
                    Level
                  </td>
                  <td>
                    Scope
                  </td>
                  <td>
                    Source file
                  </td>
                  <td>
                    Details
                  </td>
                </tr>
              </thead>
              <tbody />
            </table>
          </div>
        </div>
      </div>
    </div>
  </div>
</div>
`;
