// Jest Snapshot v1, https://goo.gl/fbAQLP

exports[`OIbInteger check OIbInteger with value="a text" 1`] = `
<div>
  <div
    class="row"
  >
    <h5>
      Historian support
    </h5>
  </div>
  <div
    class="container-fluid"
  />
  <div
    class="row"
  >
    <div
      class="col-md-6"
    >
      <table
        class="table table-sm table-striped table-hover"
      >
        <thead>
          <tr>
            <th
              scope="col"
            >
              Type
            </th>
            <th
              scope="col"
            >
              Last Completed At
            </th>
            <th
              scope="col"
            />
          </tr>
        </thead>
        <tbody>
          <tr>
            <td>
              name
            </td>
            <td>
              Invalid Date - Invalid Date 
            </td>
            <td />
          </tr>
          <tr>
            <td>
              lastCompletedAt
            </td>
            <td>
              Invalid Date - Invalid Date 
            </td>
            <td />
          </tr>
        </tbody>
      </table>
    </div>
  </div>
</div>
`;
