// Jest Snapshot v1, https://goo.gl/fbAQLP

exports[`OIbInteger check OIbInteger with value="a text" 1`] = `"<div class=\\"form-group\\"><label for=\\"name\\" class=\\"\\">label</label><input type=\\"integer\\" id=\\"name\\" name=\\"name\\" value=\\"12345678\\" class=\\"oi-form-input form-control\\"/><div class=\\"invalid-feedback\\"></div></div>"`;

exports[`OIbInteger check Texte with too small value 1`] = `"<div class=\\"form-group\\"><label for=\\"name\\" class=\\"\\">label</label><input type=\\"integer\\" id=\\"name\\" name=\\"name\\" value=\\"12\\" class=\\"oi-form-input is-invalid form-control\\"/><div class=\\"invalid-feedback\\">Value should not greater than 100</div></div>"`;
